[    0.000000] Linux version 4.20.0-rc6-next-20181210 (root@nbouchin) (gcc version 8.2.0 (GCC)) #1 SMP Mon Dec 10 11:09:15 CET 2018
[    0.000000] Command line: BOOT_IMAGE=/vmlinuz-4.20.0-nbouchin root=/dev/sda3 ro quiet loglevel=3 vga=current
[    0.000000] x86/fpu: Supporting XSAVE feature 0x001: 'x87 floating point registers'
[    0.000000] x86/fpu: Supporting XSAVE feature 0x002: 'SSE registers'
[    0.000000] x86/fpu: Supporting XSAVE feature 0x004: 'AVX registers'
[    0.000000] x86/fpu: xstate_offset[2]:  576, xstate_sizes[2]:  256
[    0.000000] x86/fpu: Enabled xstate features 0x7, context size is 832 bytes, using 'standard' format.
[    0.000000] BIOS-provided physical RAM map:
[    0.000000] BIOS-e820: [mem 0x0000000000000000-0x000000000009fbff] usable
[    0.000000] BIOS-e820: [mem 0x000000000009fc00-0x000000000009ffff] reserved
[    0.000000] BIOS-e820: [mem 0x00000000000f0000-0x00000000000fffff] reserved
[    0.000000] BIOS-e820: [mem 0x0000000000100000-0x000000007ffeffff] usable
[    0.000000] BIOS-e820: [mem 0x000000007fff0000-0x000000007fffffff] ACPI data
[    0.000000] BIOS-e820: [mem 0x00000000fec00000-0x00000000fec00fff] reserved
[    0.000000] BIOS-e820: [mem 0x00000000fee00000-0x00000000fee00fff] reserved
[    0.000000] BIOS-e820: [mem 0x00000000fffc0000-0x00000000ffffffff] reserved
[    0.000000] NX (Execute Disable) protection: active
[    0.000000] SMBIOS 2.5 present.
[    0.000000] DMI: innotek GmbH VirtualBox/VirtualBox, BIOS VirtualBox 12/01/2006
[    0.000000] tsc: Fast TSC calibration using PIT
[    0.000000] tsc: Detected 2893.114 MHz processor
[    0.001336] e820: update [mem 0x00000000-0x00000fff] usable ==> reserved
[    0.001339] e820: remove [mem 0x000a0000-0x000fffff] usable
[    0.001342] last_pfn = 0x7fff0 max_arch_pfn = 0x400000000
[    0.001359] MTRR default type: uncachable
[    0.001360] MTRR variable ranges disabled:
[    0.001361] Disabled
[    0.001363] x86/PAT: MTRRs disabled, skipping PAT initialization too.
[    0.001366] CPU MTRRs all blank - virtualized system.
[    0.001368] x86/PAT: Configuration [0-7]: WB  WT  UC- UC  WB  WT  UC- UC  
[    0.001426] found SMP MP-table at [mem 0x0009fff0-0x0009ffff] mapped at [(____ptrval____)]
[    0.001438] check: Scanning 1 areas for low memory corruption
[    0.001441] Base memory trampoline at [(____ptrval____)] 99000 size 24576
[    0.001464] BRK [0x4fa01000, 0x4fa01fff] PGTABLE
[    0.001467] BRK [0x4fa02000, 0x4fa02fff] PGTABLE
[    0.001468] BRK [0x4fa03000, 0x4fa03fff] PGTABLE
[    0.001497] BRK [0x4fa04000, 0x4fa04fff] PGTABLE
[    0.001500] BRK [0x4fa05000, 0x4fa05fff] PGTABLE
[    0.001620] BRK [0x4fa06000, 0x4fa06fff] PGTABLE
[    0.001655] ACPI: Early table checksum verification disabled
[    0.001673] ACPI: RSDP 0x00000000000E0000 000024 (v02 VBOX  )
[    0.001677] ACPI: XSDT 0x000000007FFF0030 00003C (v01 VBOX   VBOXXSDT 00000001 ASL  00000061)
[    0.001683] ACPI: FACP 0x000000007FFF00F0 0000F4 (v04 VBOX   VBOXFACP 00000001 ASL  00000061)
[    0.001689] ACPI: DSDT 0x000000007FFF0470 0021FF (v02 VBOX   VBOXBIOS 00000002 INTL 20100528)
[    0.001694] ACPI: FACS 0x000000007FFF0200 000040
[    0.001697] ACPI: FACS 0x000000007FFF0200 000040
[    0.001701] ACPI: APIC 0x000000007FFF0240 00005C (v02 VBOX   VBOXAPIC 00000001 ASL  00000061)
[    0.001705] ACPI: SSDT 0x000000007FFF02A0 0001CC (v01 VBOX   VBOXCPUT 00000002 INTL 20100528)
[    0.001714] ACPI: Local APIC address 0xfee00000
[    0.001884] No NUMA configuration found
[    0.001885] Faking a node at [mem 0x0000000000000000-0x000000007ffeffff]
[    0.001889] NODE_DATA(0) allocated [mem 0x7ffec000-0x7ffeffff]
[    0.003068] Zone ranges:
[    0.003070]   DMA      [mem 0x0000000000001000-0x0000000000ffffff]
[    0.003087]   DMA32    [mem 0x0000000001000000-0x000000007ffeffff]
[    0.003089]   Normal   empty
[    0.003091] Movable zone start for each node
[    0.003092] Early memory node ranges
[    0.003094]   node   0: [mem 0x0000000000001000-0x000000000009efff]
[    0.003095]   node   0: [mem 0x0000000000100000-0x000000007ffeffff]
[    0.004170] Zeroed struct page in unavailable ranges: 98 pages
[    0.004172] Initmem setup node 0 [mem 0x0000000000001000-0x000000007ffeffff]
[    0.004174] On node 0 totalpages: 524174
[    0.004176]   DMA zone: 64 pages used for memmap
[    0.004178]   DMA zone: 21 pages reserved
[    0.004179]   DMA zone: 3998 pages, LIFO batch:0
[    0.004218]   DMA32 zone: 8128 pages used for memmap
[    0.004220]   DMA32 zone: 520176 pages, LIFO batch:63
[    0.022533] ACPI: PM-Timer IO Port: 0x4008
[    0.022538] ACPI: Local APIC address 0xfee00000
[    0.022593] IOAPIC[0]: apic_id 2, version 32, address 0xfec00000, GSI 0-23
[    0.022597] ACPI: INT_SRC_OVR (bus 0 bus_irq 0 global_irq 2 dfl dfl)
[    0.022600] ACPI: INT_SRC_OVR (bus 0 bus_irq 9 global_irq 9 low level)
[    0.022603] ACPI: IRQ0 used by override.
[    0.022605] ACPI: IRQ9 used by override.
[    0.022609] Using ACPI (MADT) for SMP configuration information
[    0.022616] smpboot: Allowing 2 CPUs, 0 hotplug CPUs
[    0.022627] PM: Registered nosave memory: [mem 0x00000000-0x00000fff]
[    0.022629] PM: Registered nosave memory: [mem 0x0009f000-0x0009ffff]
[    0.022630] PM: Registered nosave memory: [mem 0x000a0000-0x000effff]
[    0.022632] PM: Registered nosave memory: [mem 0x000f0000-0x000fffff]
[    0.022634] [mem 0x80000000-0xfebfffff] available for PCI devices
[    0.022638] clocksource: refined-jiffies: mask: 0xffffffff max_cycles: 0xffffffff, max_idle_ns: 1910969940391419 ns
[    0.113377] random: get_random_bytes called from start_kernel+0x8a/0x48b with crng_init=0
[    0.113385] setup_percpu: NR_CPUS:64 nr_cpumask_bits:64 nr_cpu_ids:2 nr_node_ids:1
[    0.114655] percpu: Embedded 43 pages/cpu @(____ptrval____) s137944 r8192 d29992 u1048576
[    0.114661] pcpu-alloc: s137944 r8192 d29992 u1048576 alloc=1*2097152
[    0.114663] pcpu-alloc: [0] 0 1 
[    0.114676] Built 1 zonelists, mobility grouping on.  Total pages: 515961
[    0.114678] Policy zone: DMA32
[    0.114680] Kernel command line: BOOT_IMAGE=/vmlinuz-4.20.0-nbouchin root=/dev/sda3 ro quiet loglevel=3 vga=current
[    0.114787] Calgary: detecting Calgary via BIOS EBDA area
[    0.114789] Calgary: Unable to locate Rio Grande table in EBDA - bailing!
[    0.119139] Memory: 2034608K/2096696K available (14341K kernel code, 1288K rwdata, 3152K rodata, 1240K init, 1468K bss, 62088K reserved, 0K cma-reserved)
[    0.120807] SLUB: HWalign=64, Order=0-3, MinObjects=0, CPUs=2, Nodes=1
[    0.120812] Kernel/User page tables isolation: enabled
[    0.122020] rcu: Hierarchical RCU implementation.
[    0.122022] rcu: 	RCU event tracing is enabled.
[    0.122024] rcu: 	RCU restricting CPUs from NR_CPUS=64 to nr_cpu_ids=2.
[    0.122026] rcu: RCU calculated value of scheduler-enlistment delay is 100 jiffies.
[    0.122028] rcu: Adjusting geometry for rcu_fanout_leaf=16, nr_cpu_ids=2
[    0.122180] NR_IRQS: 4352, nr_irqs: 440, preallocated irqs: 16
[    0.128711] Console: colour VGA+ 80x25
[    0.128715] printk: console [tty0] enabled
[    0.128729] ACPI: Core revision 20181031
[    0.128868] APIC: Switch to symmetric I/O mode setup
[    0.129797] ..TIMER: vector=0x30 apic1=0 pin1=2 apic2=-1 pin2=-1
[    0.134812] clocksource: tsc-early: mask: 0xffffffffffffffff max_cycles: 0x29b3da18806, max_idle_ns: 440795336007 ns
[    0.134830] Calibrating delay loop (skipped), value calculated using timer frequency.. 5786.22 BogoMIPS (lpj=2893114)
[    0.134833] pid_max: default: 32768 minimum: 301
[    0.134846] LSM: Security Framework initializing
[    0.134848] SELinux:  Initializing.
[    0.134857] *** VALIDATE SELinux ***
[    0.135796] Dentry cache hash table entries: 262144 (order: 9, 2097152 bytes)
[    0.136910] Inode-cache hash table entries: 131072 (order: 8, 1048576 bytes)
[    0.136920] Mount-cache hash table entries: 4096 (order: 3, 32768 bytes)
[    0.136925] Mountpoint-cache hash table entries: 4096 (order: 3, 32768 bytes)
[    0.137030] *** VALIDATE proc ***
[    0.137051] *** VALIDATE cgroup1 ***
[    0.137054] *** VALIDATE cgroup2 ***
[    0.137110] mce: CPU supports 0 MCE banks
[    0.137125] Last level iTLB entries: 4KB 512, 2MB 8, 4MB 8
[    0.137127] Last level dTLB entries: 4KB 512, 2MB 32, 4MB 32, 1GB 0
[    0.137129] Spectre V2 : Mitigation: Full generic retpoline
[    0.137130] Spectre V2 : Spectre v2 / SpectreRSB mitigation: Filling RSB on context switch
[    0.137132] Speculative Store Bypass: Vulnerable
[    0.137296] Freeing SMP alternatives memory: 40K
[    0.137814] smpboot: CPU0: Intel(R) Core(TM) i5-3470S CPU @ 2.90GHz (family: 0x6, model: 0x3a, stepping: 0x9)
[    0.137876] Performance Events: unsupported p6 CPU model 58 no PMU driver, software events only.
[    0.137927] rcu: Hierarchical SRCU implementation.
[    0.138066] smp: Bringing up secondary CPUs ...
[    0.138201] x86: Booting SMP configuration:
[    0.138203] .... node  #0, CPUs:      #1
[    0.007477] mce: CPU supports 0 MCE banks
[    0.139839] smp: Brought up 1 node, 2 CPUs
[    0.139839] smpboot: Max logical packages: 1
[    0.139839] smpboot: Total of 2 processors activated (11572.45 BogoMIPS)
[    0.139977] devtmpfs: initialized
[    0.141088] clocksource: jiffies: mask: 0xffffffff max_cycles: 0xffffffff, max_idle_ns: 1911260446275000 ns
[    0.141094] futex hash table entries: 512 (order: 3, 32768 bytes)
[    0.141105] kworker/u4:0 (21) used greatest stack depth: 14648 bytes left
[    0.141165] RTC time: 10:32:41, date: 12/10/18
[    0.141298] NET: Registered protocol family 16
[    0.141379] audit: initializing netlink subsys (disabled)
[    0.141412] audit: type=2000 audit(1544437961.012:1): state=initialized audit_enabled=0 res=1
[    0.141928] cpuidle: using governor menu
[    0.141928] ACPI: bus type PCI registered
[    0.142099] PCI: Using configuration type 1 for base access
[    0.142295] kworker/u4:0 (44) used greatest stack depth: 14216 bytes left
[    0.154224] HugeTLB registered 2.00 MiB page size, pre-allocated 0 pages
[    0.154280] ACPI: Added _OSI(Module Device)
[    0.154280] ACPI: Added _OSI(Processor Device)
[    0.154280] ACPI: Added _OSI(3.0 _SCP Extensions)
[    0.154280] ACPI: Added _OSI(Processor Aggregator Device)
[    0.154280] ACPI: Added _OSI(Linux-Dell-Video)
[    0.154280] ACPI: Added _OSI(Linux-Lenovo-NV-HDMI-Audio)
[    0.155798] ACPI: 2 ACPI AML tables successfully acquired and loaded
[    0.157024] ACPI: Interpreter enabled
[    0.157034] ACPI: (supports S0 S5)
[    0.157036] ACPI: Using IOAPIC for interrupt routing
[    0.157174] PCI: Using host bridge windows from ACPI; if necessary, use "pci=nocrs" and report a bug
[    0.157266] ACPI: Enabled 2 GPEs in block 00 to 07
[    0.161373] ACPI: PCI Root Bridge [PCI0] (domain 0000 [bus 00-ff])
[    0.161378] acpi PNP0A03:00: _OSC: OS supports [ASPM ClockPM Segments MSI]
[    0.161392] acpi PNP0A03:00: _OSC: not requesting OS control; OS requires [ExtendedConfig ASPM ClockPM MSI]
[    0.161398] acpi PNP0A03:00: fail to add MMCONFIG information, can't access extended PCI configuration space under this bridge.
[    0.161489] PCI host bridge to bus 0000:00
[    0.161493] pci_bus 0000:00: root bus resource [io  0x0000-0x0cf7 window]
[    0.161495] pci_bus 0000:00: root bus resource [io  0x0d00-0xffff window]
[    0.161497] pci_bus 0000:00: root bus resource [mem 0x000a0000-0x000bffff window]
[    0.161500] pci_bus 0000:00: root bus resource [mem 0x80000000-0xfdffffff window]
[    0.161502] pci_bus 0000:00: root bus resource [bus 00-ff]
[    0.161545] pci 0000:00:00.0: [8086:1237] type 00 class 0x060000
[    0.162157] pci 0000:00:01.0: [8086:7000] type 00 class 0x060100
[    0.162833] pci 0000:00:01.1: [8086:7111] type 00 class 0x01018a
[    0.163231] pci 0000:00:01.1: reg 0x20: [io  0xd000-0xd00f]
[    0.163387] pci 0000:00:01.1: legacy IDE quirk: reg 0x10: [io  0x01f0-0x01f7]
[    0.163389] pci 0000:00:01.1: legacy IDE quirk: reg 0x14: [io  0x03f6]
[    0.163391] pci 0000:00:01.1: legacy IDE quirk: reg 0x18: [io  0x0170-0x0177]
[    0.163393] pci 0000:00:01.1: legacy IDE quirk: reg 0x1c: [io  0x0376]
[    0.163607] pci 0000:00:02.0: [80ee:beef] type 00 class 0x030000
[    0.164100] pci 0000:00:02.0: reg 0x10: [mem 0xe0000000-0xe0ffffff pref]
[    0.172481] pci 0000:00:03.0: [8086:100e] type 00 class 0x020000
[    0.173471] pci 0000:00:03.0: reg 0x10: [mem 0xf0000000-0xf001ffff]
[    0.174926] pci 0000:00:03.0: reg 0x18: [io  0xd010-0xd017]
[    0.178956] pci 0000:00:04.0: [80ee:cafe] type 00 class 0x088000
[    0.179577] pci 0000:00:04.0: reg 0x10: [io  0xd020-0xd03f]
[    0.180392] pci 0000:00:04.0: reg 0x14: [mem 0xf0400000-0xf07fffff]
[    0.181929] pci 0000:00:04.0: reg 0x18: [mem 0xf0800000-0xf0803fff pref]
[    0.185837] pci 0000:00:05.0: [8086:2415] type 00 class 0x040100
[    0.185918] pci 0000:00:05.0: reg 0x10: [io  0xd100-0xd1ff]
[    0.185990] pci 0000:00:05.0: reg 0x14: [io  0xd200-0xd23f]
[    0.186843] pci 0000:00:06.0: [106b:003f] type 00 class 0x0c0310
[    0.187196] pci 0000:00:06.0: reg 0x10: [mem 0xf0804000-0xf0804fff]
[    0.192446] pci 0000:00:07.0: [8086:7113] type 00 class 0x068000
[    0.193039] pci 0000:00:07.0: quirk: [io  0x4000-0x403f] claimed by PIIX4 ACPI
[    0.193050] pci 0000:00:07.0: quirk: [io  0x4100-0x410f] claimed by PIIX4 SMB
[    0.193368] pci 0000:00:0b.0: [8086:265c] type 00 class 0x0c0320
[    0.194840] pci 0000:00:0b.0: reg 0x10: [mem 0xf0805000-0xf0805fff]
[    0.200030] pci 0000:00:0d.0: [8086:2829] type 00 class 0x010601
[    0.201290] pci 0000:00:0d.0: reg 0x10: [io  0xd240-0xd247]
[    0.202107] pci 0000:00:0d.0: reg 0x14: [io  0xd248-0xd24b]
[    0.202845] pci 0000:00:0d.0: reg 0x18: [io  0xd250-0xd257]
[    0.203599] pci 0000:00:0d.0: reg 0x1c: [io  0xd258-0xd25b]
[    0.204273] pci 0000:00:0d.0: reg 0x20: [io  0xd260-0xd26f]
[    0.205204] pci 0000:00:0d.0: reg 0x24: [mem 0xf0806000-0xf0807fff]
[    0.207802] ACPI: PCI Interrupt Link [LNKA] (IRQs 5 9 10 *11)
[    0.208183] ACPI: PCI Interrupt Link [LNKB] (IRQs 5 9 *10 11)
[    0.208283] ACPI: PCI Interrupt Link [LNKC] (IRQs 5 *9 10 11)
[    0.208359] ACPI: PCI Interrupt Link [LNKD] (IRQs 5 9 10 *11)
[    0.209003] pci 0000:00:02.0: vgaarb: setting as boot VGA device
[    0.209006] pci 0000:00:02.0: vgaarb: VGA device added: decodes=io+mem,owns=io+mem,locks=none
[    0.209009] pci 0000:00:02.0: vgaarb: bridge control possible
[    0.209011] vgaarb: loaded
[    0.209133] SCSI subsystem initialized
[    0.209178] libata version 3.00 loaded.
[    0.209178] ACPI: bus type USB registered
[    0.209870] usbcore: registered new interface driver usbfs
[    0.209870] usbcore: registered new interface driver hub
[    0.209870] usbcore: registered new device driver usb
[    0.209873] pps_core: LinuxPPS API ver. 1 registered
[    0.209873] pps_core: Software ver. 5.3.6 - Copyright 2005-2007 Rodolfo Giometti <giometti@linux.it>
[    0.209904] PTP clock support registered
[    0.209927] EDAC MC: Ver: 3.0.0
[    0.210213] Advanced Linux Sound Architecture Driver Initialized.
[    0.210222] PCI: Using ACPI for IRQ routing
[    0.210224] PCI: pci_cache_line_size set to 64 bytes
[    0.210833] e820: reserve RAM buffer [mem 0x0009fc00-0x0009ffff]
[    0.210833] e820: reserve RAM buffer [mem 0x7fff0000-0x7fffffff]
[    0.210971] NetLabel: Initializing
[    0.210971] NetLabel:  domain hash size = 128
[    0.210971] NetLabel:  protocols = UNLABELED CIPSOv4 CALIPSO
[    0.210971] NetLabel:  unlabeled traffic allowed by default
[    0.211103] clocksource: Switched to clocksource tsc-early
[    0.222991] VFS: Disk quotas dquot_6.6.0
[    0.223009] VFS: Dquot-cache hash table entries: 512 (order 0, 4096 bytes)
[    0.223031] *** VALIDATE hugetlbfs ***
[    0.223081] pnp: PnP ACPI init
[    0.223189] pnp 00:00: Plug and Play ACPI device, IDs PNP0303 (active)
[    0.223300] pnp 00:01: Plug and Play ACPI device, IDs PNP0f03 (active)
[    0.223886] pnp: PnP ACPI: found 2 devices
[    0.232437] clocksource: acpi_pm: mask: 0xffffff max_cycles: 0xffffff, max_idle_ns: 2085701024 ns
[    0.232449] pci_bus 0000:00: resource 4 [io  0x0000-0x0cf7 window]
[    0.232451] pci_bus 0000:00: resource 5 [io  0x0d00-0xffff window]
[    0.232453] pci_bus 0000:00: resource 6 [mem 0x000a0000-0x000bffff window]
[    0.232454] pci_bus 0000:00: resource 7 [mem 0x80000000-0xfdffffff window]
[    0.232500] NET: Registered protocol family 2
[    0.232630] tcp_listen_portaddr_hash hash table entries: 1024 (order: 2, 16384 bytes)
[    0.232639] TCP established hash table entries: 16384 (order: 5, 131072 bytes)
[    0.232661] TCP bind hash table entries: 16384 (order: 6, 262144 bytes)
[    0.232685] TCP: Hash tables configured (established 16384 bind 16384)
[    0.232716] UDP hash table entries: 1024 (order: 3, 32768 bytes)
[    0.232723] UDP-Lite hash table entries: 1024 (order: 3, 32768 bytes)
[    0.232752] NET: Registered protocol family 1
[    0.233129] RPC: Registered named UNIX socket transport module.
[    0.233132] RPC: Registered udp transport module.
[    0.233133] RPC: Registered tcp transport module.
[    0.233135] RPC: Registered tcp NFSv4.1 backchannel transport module.
[    0.233408] pci 0000:00:00.0: Limiting direct PCI/PCI transfers
[    0.233425] pci 0000:00:01.0: Activating ISA DMA hang workarounds
[    0.233487] pci 0000:00:02.0: Video device with shadowed ROM at [mem 0x000c0000-0x000dffff]
[    0.234946] PCI: CLS 0 bytes, default 64
[    0.235175] RAPL PMU: API unit is 2^-32 Joules, 3 fixed counters, 10737418240 ms ovfl timer
[    0.235177] RAPL PMU: hw unit of domain pp0-core 2^-0 Joules
[    0.235179] RAPL PMU: hw unit of domain package 2^-0 Joules
[    0.235180] RAPL PMU: hw unit of domain pp1-gpu 2^-0 Joules
[    0.235213] platform rtc_cmos: registered platform RTC device (no PNP device found)
[    0.235811] check: Scanning for low memory corruption every 60 seconds
[    0.236766] Initialise system trusted keyrings
[    0.237057] workingset: timestamp_bits=56 max_order=19 bucket_order=0
[    0.240670] NFS: Registering the id_resolver key type
[    0.240670] Key type id_resolver registered
[    0.240670] Key type id_legacy registered
[    0.250892] Key type asymmetric registered
[    0.250894] Asymmetric key parser 'x509' registered
[    0.250918] Block layer SCSI generic (bsg) driver version 0.4 loaded (major 251)
[    0.250920] io scheduler mq-deadline registered
[    0.250922] io scheduler kyber registered
[    0.251270] ACPI: AC Adapter [AC] (on-line)
[    0.251339] input: Power Button as /devices/LNXSYSTM:00/LNXPWRBN:00/input/input0
[    0.251361] ACPI: Power Button [PWRF]
[    0.251457] input: Sleep Button as /devices/LNXSYSTM:00/LNXSLPBN:00/input/input1
[    0.251462] ACPI: Sleep Button [SLPF]
[    0.251563] ACPI: Video Device [GFX0] (multi-head: yes  rom: no  post: no)
[    0.251620] input: Video Bus as /devices/LNXSYSTM:00/LNXSYBUS:00/PNP0A03:00/LNXVIDEO:00/input/input2
[    0.251930] Serial: 8250/16550 driver, 4 ports, IRQ sharing enabled
[    0.252279] Non-volatile memory driver v1.3
[    0.252302] Linux agpgart interface v0.103
[    0.253992] loop: module loaded
[    0.254057] ahci 0000:00:0d.0: version 3.0
[    0.254479] ahci 0000:00:0d.0: SSS flag set, parallel bus scan disabled
[    0.254604] ahci 0000:00:0d.0: AHCI 0001.0100 32 slots 1 ports 3 Gbps 0x1 impl SATA mode
[    0.254607] ahci 0000:00:0d.0: flags: 64bit ncq stag only ccc 
[    0.254959] scsi host0: ahci
[    0.255052] ata1: SATA max UDMA/133 abar m8192@0xf0806000 port 0xf0806100 irq 21
[    0.255073] ata_piix 0000:00:01.1: version 2.13
[    0.256849] scsi host1: ata_piix
[    0.257184] scsi host2: ata_piix
[    0.257232] ata2: PATA max UDMA/33 cmd 0x1f0 ctl 0x3f6 bmdma 0xd000 irq 14
[    0.257234] ata3: PATA max UDMA/33 cmd 0x170 ctl 0x376 bmdma 0xd008 irq 15
[    0.257338] e100: Intel(R) PRO/100 Network Driver, 3.5.24-k2-NAPI
[    0.257340] e100: Copyright(c) 1999-2006 Intel Corporation
[    0.257351] e1000: Intel(R) PRO/1000 Network Driver - version 7.3.21-k8-NAPI
[    0.257353] e1000: Copyright (c) 1999-2006 Intel Corporation.
[    0.417572] ata3.00: ATAPI: VBOX CD-ROM, 1.0, max UDMA/133
[    0.565894] ata1: SATA link up 3.0 Gbps (SStatus 123 SControl 300)
[    0.566017] ata1.00: ATA-6: VBOX HARDDISK, 1.0, max UDMA/133
[    0.566020] ata1.00: 88080384 sectors, multi 128: LBA48 NCQ (depth 32)
[    0.566255] ata1.00: configured for UDMA/133
[    0.566393] scsi 0:0:0:0: Direct-Access     ATA      VBOX HARDDISK    1.0  PQ: 0 ANSI: 5
[    0.566830] sd 0:0:0:0: [sda] 88080384 512-byte logical blocks: (45.1 GB/42.0 GiB)
[    0.566850] sd 0:0:0:0: [sda] Write Protect is off
[    0.566852] sd 0:0:0:0: [sda] Mode Sense: 00 3a 00 00
[    0.566888] sd 0:0:0:0: [sda] Write cache: enabled, read cache: enabled, doesn't support DPO or FUA
[    0.567035] sd 0:0:0:0: Attached scsi generic sg0 type 0
[    0.567697] scsi 2:0:0:0: CD-ROM            VBOX     CD-ROM           1.0  PQ: 0 ANSI: 5
[    0.569076]  sda: sda1 sda2 sda3 sda4
[    0.571230] sd 0:0:0:0: [sda] Attached SCSI disk
[    0.583211] sr 2:0:0:0: [sr0] scsi3-mmc drive: 32x/32x xa/form2 tray
[    0.583214] cdrom: Uniform CD-ROM driver Revision: 3.20
[    0.583391] sr 2:0:0:0: Attached scsi CD-ROM sr0
[    0.583683] sr 2:0:0:0: Attached scsi generic sg1 type 5
[    0.607861] e1000 0000:00:03.0 eth0: (PCI:33MHz:32-bit) 08:00:27:77:f7:92
[    0.607867] e1000 0000:00:03.0 eth0: Intel(R) PRO/1000 Network Connection
[    0.607893] e1000e: Intel(R) PRO/1000 Network Driver - 3.2.6-k
[    0.607895] e1000e: Copyright(c) 1999 - 2015 Intel Corporation.
[    0.607909] sky2: driver version 1.30
[    0.608101] ehci_hcd: USB 2.0 'Enhanced' Host Controller (EHCI) Driver
[    0.608103] ehci-pci: EHCI PCI platform driver
[    0.608544] ehci-pci 0000:00:0b.0: EHCI Host Controller
[    0.608747] ehci-pci 0000:00:0b.0: new USB bus registered, assigned bus number 1
[    0.608937] ehci-pci 0000:00:0b.0: irq 19, io mem 0xf0805000
[    0.615990] ehci-pci 0000:00:0b.0: USB 2.0 started, EHCI 1.00
[    0.616037] usb usb1: New USB device found, idVendor=1d6b, idProduct=0002, bcdDevice= 4.20
[    0.616040] usb usb1: New USB device strings: Mfr=3, Product=2, SerialNumber=1
[    0.616042] usb usb1: Product: EHCI Host Controller
[    0.616044] usb usb1: Manufacturer: Linux 4.20.0-rc6-next-20181210 ehci_hcd
[    0.616046] usb usb1: SerialNumber: 0000:00:0b.0
[    0.616247] hub 1-0:1.0: USB hub found
[    0.616255] hub 1-0:1.0: 12 ports detected
[    0.616489] ohci_hcd: USB 1.1 'Open' Host Controller (OHCI) Driver
[    0.616494] ohci-pci: OHCI PCI platform driver
[    0.616933] ohci-pci 0000:00:06.0: OHCI PCI host controller
[    0.617051] ohci-pci 0000:00:06.0: new USB bus registered, assigned bus number 2
[    0.617114] ohci-pci 0000:00:06.0: irq 22, io mem 0xf0804000
[    0.670522] usb usb2: New USB device found, idVendor=1d6b, idProduct=0001, bcdDevice= 4.20
[    0.670525] usb usb2: New USB device strings: Mfr=3, Product=2, SerialNumber=1
[    0.670527] usb usb2: Product: OHCI PCI host controller
[    0.670529] usb usb2: Manufacturer: Linux 4.20.0-rc6-next-20181210 ohci_hcd
[    0.670531] usb usb2: SerialNumber: 0000:00:06.0
[    0.670819] hub 2-0:1.0: USB hub found
[    0.670835] hub 2-0:1.0: 12 ports detected
[    0.671267] uhci_hcd: USB Universal Host Controller Interface driver
[    0.671323] usbcore: registered new interface driver usblp
[    0.671336] usbcore: registered new interface driver usb-storage
[    0.671358] i8042: PNP: PS/2 Controller [PNP0303:PS2K,PNP0f03:PS2M] at 0x60,0x64 irq 1,12
[    0.671792] serio: i8042 KBD port at 0x60,0x64 irq 1
[    0.671837] serio: i8042 AUX port at 0x60,0x64 irq 12
[    0.672688] rtc_cmos rtc_cmos: registered as rtc0
[    0.672703] rtc_cmos rtc_cmos: alarms up to one day, 114 bytes nvram
[    0.672953] device-mapper: ioctl: 4.39.0-ioctl (2018-04-03) initialised: dm-devel@redhat.com
[    0.673021] hidraw: raw HID events driver (C) Jiri Kosina
[    0.673159] usbcore: registered new interface driver usbhid
[    0.673161] usbhid: USB HID core driver
[    0.673354] input: AT Translated Set 2 keyboard as /devices/platform/i8042/serio0/input/input3
[    0.675246] Initializing XFRM netlink socket
[    0.675357] NET: Registered protocol family 10
[    0.675628] Segment Routing with IPv6
[    0.676181] sit: IPv6, IPv4 and MPLS over IPv4 tunneling driver
[    0.676299] NET: Registered protocol family 17
[    0.676316] Key type dns_resolver registered
[    0.676527] sched_clock: Marking stable (669508916, 6477423)->(779853717, -103867378)
[    0.677525] registered taskstats version 1
[    0.677527] Loading compiled-in X.509 certificates
[    0.677797]   Magic number: 14:325:527
[    0.677857] printk: console [netcon0] enabled
[    0.677858] netconsole: network logging started
[    0.677908] cfg80211: Loading compiled-in X.509 certificates for regulatory database
[    0.678868] cfg80211: Loaded X.509 cert 'sforshee: 00b28ddf47aef9cea7'
[    0.678872] ALSA device list:
[    0.678874]   No soundcards found.
[    0.678930] platform regulatory.0: Direct firmware load for regulatory.db failed with error -2
[    0.678932] cfg80211: failed to load regulatory.db
[    0.882109] random: fast init done
[    0.882260] input: ImExPS/2 Generic Explorer Mouse as /devices/platform/i8042/serio1/input/input5
[    0.882554] md: Waiting for all devices to be available before autodetect
[    0.882556] md: If you don't use raid, use raid=noautodetect
[    0.882767] md: Autodetecting RAID arrays.
[    0.882769] md: autorun ...
[    0.882771] md: ... autorun DONE.
[    0.916911] EXT4-fs (sda3): mounted filesystem with ordered data mode. Opts: (null)
[    0.916933] VFS: Mounted root (ext4 filesystem) readonly on device 8:3.
[    0.926617] devtmpfs: mounted
[    0.926957] Freeing unused kernel image memory: 1240K
[    0.930250] Write protecting the kernel read-only data: 20480k
[    0.930830] Freeing unused kernel image memory: 2008K
[    0.931199] Freeing unused kernel image memory: 944K
[    0.931245] Run /sbin/init as init process
[    1.069189] usb 2-1: new full-speed USB device number 2 using ohci-pci
[    1.164765] stty (1088) used greatest stack depth: 13904 bytes left
[    1.221497] dmesg (1089) used greatest stack depth: 13816 bytes left
[    1.248885] tsc: Refined TSC clocksource calibration: 2893.406 MHz
[    1.249173] clocksource: tsc: mask: 0xffffffffffffffff max_cycles: 0x29b4ee1aabe, max_idle_ns: 440795265226 ns
[    1.249564] clocksource: Switched to clocksource tsc
[    1.306014] usb 2-1: New USB device found, idVendor=80ee, idProduct=0021, bcdDevice= 1.00
[    1.306444] usb 2-1: New USB device strings: Mfr=1, Product=3, SerialNumber=0
[    1.306817] usb 2-1: Product: USB Tablet
[    1.307236] usb 2-1: Manufacturer: VirtualBox
[    1.308436] sed (1102) used greatest stack depth: 13752 bytes left
[    1.318774] input: VirtualBox USB Tablet as /devices/pci0000:00/0000:00:06.0/usb2/2-1/2-1:1.0/0003:80EE:0021.0001/input/input6
[    1.320046] hid-generic 0003:80EE:0021.0001: input,hidraw0: USB HID v1.10 Mouse [VirtualBox USB Tablet] on usb-0000:00:06.0-1/input0
[    1.427721] ip (1155) used greatest stack depth: 13720 bytes left
[    1.428812] ip (1156) used greatest stack depth: 12808 bytes left
[    1.482085] udevd[1186]: starting version 3.2.5
[    1.531511] random: udevd: uninitialized urandom read (16 bytes read)
[    1.532664] random: udevd: uninitialized urandom read (16 bytes read)
[    1.532997] random: udevd: uninitialized urandom read (16 bytes read)
[    1.608399] udevd[1187]: starting eudev-3.2.5
[    1.720917] random: crng init done
[    1.721216] random: 3 urandom warning(s) missed due to ratelimiting
[    1.748710] e1000 0000:00:03.0 enp0s3: renamed from eth0
[    2.341649] Adding 4194300k swap on /dev/sda2.  Priority:1 extents:1 across:4194300k 
[    2.361416] EXT4-fs (sda3): re-mounted. Opts: (null)
[    2.449888] EXT4-fs (sda3): re-mounted. Opts: (null)
[    2.482259] EXT4-fs (sda4): mounted filesystem with ordered data mode. Opts: (null)
[    2.491695] EXT4-fs (sda1): mounting ext2 file system using the ext4 subsystem
[    2.496886] EXT4-fs (sda1): warning: mounting unchecked fs, running e2fsck is recommended
[    2.499141] EXT4-fs (sda1): mounted filesystem without journal. Opts: (null)
[    2.931201] hrtimer: interrupt took 6464246 ns
[    4.185294] IPv6: ADDRCONF(NETDEV_UP): enp0s3: link is not ready
[    4.186521] e1000: enp0s3 NIC Link is Up 1000 Mbps Full Duplex, Flow Control: RX
[    4.187178] IPv6: ADDRCONF(NETDEV_CHANGE): enp0s3: link becomes ready
