[    0.000000] Linux version 4.20.0-thor_kernel (root@nbouchin) (gcc version 8.2.0 (GCC)) #1 SMP Tue Dec 4 13:09:51 CET 2018
[    0.000000] Command line: BOOT_IMAGE=/vmlinuz-4.20.0-nbouchin root=/dev/sda3 ro quiet loglevel=3 vga=current
[    0.000000] x86/fpu: Supporting XSAVE feature 0x001: 'x87 floating point registers'
[    0.000000] x86/fpu: Supporting XSAVE feature 0x002: 'SSE registers'
[    0.000000] x86/fpu: Supporting XSAVE feature 0x004: 'AVX registers'
[    0.000000] x86/fpu: xstate_offset[2]:  576, xstate_sizes[2]:  256
[    0.000000] x86/fpu: Enabled xstate features 0x7, context size is 832 bytes, using 'standard' format.
[    0.000000] BIOS-provided physical RAM map:
[    0.000000] BIOS-e820: [mem 0x0000000000000000-0x000000000009fbff] usable
[    0.000000] BIOS-e820: [mem 0x000000000009fc00-0x000000000009ffff] reserved
[    0.000000] BIOS-e820: [mem 0x00000000000f0000-0x00000000000fffff] reserved
[    0.000000] BIOS-e820: [mem 0x0000000000100000-0x000000007ffeffff] usable
[    0.000000] BIOS-e820: [mem 0x000000007fff0000-0x000000007fffffff] ACPI data
[    0.000000] BIOS-e820: [mem 0x00000000fec00000-0x00000000fec00fff] reserved
[    0.000000] BIOS-e820: [mem 0x00000000fee00000-0x00000000fee00fff] reserved
[    0.000000] BIOS-e820: [mem 0x00000000fffc0000-0x00000000ffffffff] reserved
[    0.000000] NX (Execute Disable) protection: active
[    0.000000] SMBIOS 2.5 present.
[    0.000000] DMI: innotek GmbH VirtualBox/VirtualBox, BIOS VirtualBox 12/01/2006
[    0.000000] tsc: Fast TSC calibration using PIT
[    0.000000] tsc: Detected 2893.474 MHz processor
[    0.002337] e820: update [mem 0x00000000-0x00000fff] usable ==> reserved
[    0.002339] e820: remove [mem 0x000a0000-0x000fffff] usable
[    0.002342] last_pfn = 0x7fff0 max_arch_pfn = 0x400000000
[    0.002351] MTRR default type: uncachable
[    0.002352] MTRR variable ranges disabled:
[    0.002352] Disabled
[    0.002353] x86/PAT: MTRRs disabled, skipping PAT initialization too.
[    0.002355] CPU MTRRs all blank - virtualized system.
[    0.002357] x86/PAT: Configuration [0-7]: WB  WT  UC- UC  WB  WT  UC- UC  
[    0.002416] found SMP MP-table at [mem 0x0009fff0-0x0009ffff] mapped at [(____ptrval____)]
[    0.002428] check: Scanning 1 areas for low memory corruption
[    0.002430] Base memory trampoline at [(____ptrval____)] 99000 size 24576
[    0.002455] BRK [0x42601000, 0x42601fff] PGTABLE
[    0.002457] BRK [0x42602000, 0x42602fff] PGTABLE
[    0.002458] BRK [0x42603000, 0x42603fff] PGTABLE
[    0.002485] BRK [0x42604000, 0x42604fff] PGTABLE
[    0.002486] BRK [0x42605000, 0x42605fff] PGTABLE
[    0.002601] BRK [0x42606000, 0x42606fff] PGTABLE
[    0.002636] ACPI: Early table checksum verification disabled
[    0.002654] ACPI: RSDP 0x00000000000E0000 000024 (v02 VBOX  )
[    0.002657] ACPI: XSDT 0x000000007FFF0030 00003C (v01 VBOX   VBOXXSDT 00000001 ASL  00000061)
[    0.002662] ACPI: FACP 0x000000007FFF00F0 0000F4 (v04 VBOX   VBOXFACP 00000001 ASL  00000061)
[    0.002667] ACPI: DSDT 0x000000007FFF0470 0021FF (v02 VBOX   VBOXBIOS 00000002 INTL 20100528)
[    0.002670] ACPI: FACS 0x000000007FFF0200 000040
[    0.002673] ACPI: FACS 0x000000007FFF0200 000040
[    0.002675] ACPI: APIC 0x000000007FFF0240 000054 (v02 VBOX   VBOXAPIC 00000001 ASL  00000061)
[    0.002678] ACPI: SSDT 0x000000007FFF02A0 0001CC (v01 VBOX   VBOXCPUT 00000002 INTL 20100528)
[    0.002686] ACPI: Local APIC address 0xfee00000
[    0.002881] No NUMA configuration found
[    0.002882] Faking a node at [mem 0x0000000000000000-0x000000007ffeffff]
[    0.002884] NODE_DATA(0) allocated [mem 0x7ffec000-0x7ffeffff]
[    0.003156] Zone ranges:
[    0.003157]   DMA      [mem 0x0000000000001000-0x0000000000ffffff]
[    0.003159]   DMA32    [mem 0x0000000001000000-0x000000007ffeffff]
[    0.003159]   Normal   empty
[    0.003160] Movable zone start for each node
[    0.003160] Early memory node ranges
[    0.003161]   node   0: [mem 0x0000000000001000-0x000000000009efff]
[    0.003161]   node   0: [mem 0x0000000000100000-0x000000007ffeffff]
[    0.003382] Zeroed struct page in unavailable ranges: 98 pages
[    0.003383] Initmem setup node 0 [mem 0x0000000000001000-0x000000007ffeffff]
[    0.003384] On node 0 totalpages: 524174
[    0.003385]   DMA zone: 64 pages used for memmap
[    0.003385]   DMA zone: 21 pages reserved
[    0.003386]   DMA zone: 3998 pages, LIFO batch:0
[    0.003466]   DMA32 zone: 8128 pages used for memmap
[    0.003466]   DMA32 zone: 520176 pages, LIFO batch:63
[    0.015816] ACPI: PM-Timer IO Port: 0x4008
[    0.015819] ACPI: Local APIC address 0xfee00000
[    0.015868] IOAPIC[0]: apic_id 1, version 32, address 0xfec00000, GSI 0-23
[    0.015871] ACPI: INT_SRC_OVR (bus 0 bus_irq 0 global_irq 2 dfl dfl)
[    0.015872] ACPI: INT_SRC_OVR (bus 0 bus_irq 9 global_irq 9 low level)
[    0.015874] ACPI: IRQ0 used by override.
[    0.015874] ACPI: IRQ9 used by override.
[    0.015876] Using ACPI (MADT) for SMP configuration information
[    0.015882] smpboot: Allowing 1 CPUs, 0 hotplug CPUs
[    0.015891] PM: Registered nosave memory: [mem 0x00000000-0x00000fff]
[    0.015892] PM: Registered nosave memory: [mem 0x0009f000-0x0009ffff]
[    0.015892] PM: Registered nosave memory: [mem 0x000a0000-0x000effff]
[    0.015893] PM: Registered nosave memory: [mem 0x000f0000-0x000fffff]
[    0.015894] [mem 0x80000000-0xfebfffff] available for PCI devices
[    0.015896] clocksource: refined-jiffies: mask: 0xffffffff max_cycles: 0xffffffff, max_idle_ns: 1910969940391419 ns
[    0.113330] random: get_random_bytes called from start_kernel+0x8a/0x48b with crng_init=0
[    0.113337] setup_percpu: NR_CPUS:64 nr_cpumask_bits:64 nr_cpu_ids:1 nr_node_ids:1
[    0.113639] percpu: Embedded 43 pages/cpu @(____ptrval____) s137944 r8192 d29992 u2097152
[    0.113642] pcpu-alloc: s137944 r8192 d29992 u2097152 alloc=1*2097152
[    0.113643] pcpu-alloc: [0] 0 
[    0.113654] Built 1 zonelists, mobility grouping on.  Total pages: 515961
[    0.113655] Policy zone: DMA32
[    0.113656] Kernel command line: BOOT_IMAGE=/vmlinuz-4.20.0-nbouchin root=/dev/sda3 ro quiet loglevel=3 vga=current
[    0.113748] Calgary: detecting Calgary via BIOS EBDA area
[    0.113749] Calgary: Unable to locate Rio Grande table in EBDA - bailing!
[    0.117966] Memory: 2036828K/2096696K available (12293K kernel code, 1268K rwdata, 3140K rodata, 1244K init, 1532K bss, 59868K reserved, 0K cma-reserved)
[    0.118293] SLUB: HWalign=64, Order=0-3, MinObjects=0, CPUs=1, Nodes=1
[    0.118297] Kernel/User page tables isolation: enabled
[    0.118575] rcu: Hierarchical RCU implementation.
[    0.118576] rcu: 	RCU event tracing is enabled.
[    0.118576] rcu: 	RCU restricting CPUs from NR_CPUS=64 to nr_cpu_ids=1.
[    0.118577] rcu: RCU calculated value of scheduler-enlistment delay is 100 jiffies.
[    0.118578] rcu: Adjusting geometry for rcu_fanout_leaf=16, nr_cpu_ids=1
[    0.118725] NR_IRQS: 4352, nr_irqs: 256, preallocated irqs: 16
[    0.126044] Console: colour VGA+ 80x25
[    0.126047] printk: console [tty0] enabled
[    0.126066] ACPI: Core revision 20181003
[    0.126192] APIC: Switch to symmetric I/O mode setup
[    0.127363] ..TIMER: vector=0x30 apic1=0 pin1=2 apic2=-1 pin2=-1
[    0.131149] clocksource: tsc-early: mask: 0xffffffffffffffff max_cycles: 0x29b52e3b269, max_idle_ns: 440795271383 ns
[    0.131169] Calibrating delay loop (skipped), value calculated using timer frequency.. 5786.94 BogoMIPS (lpj=2893474)
[    0.131171] pid_max: default: 32768 minimum: 301
[    0.131185] LSM: Security Framework initializing
[    0.131186] SELinux:  Initializing.
[    0.131639] Dentry cache hash table entries: 262144 (order: 9, 2097152 bytes)
[    0.131718] Inode-cache hash table entries: 131072 (order: 8, 1048576 bytes)
[    0.131724] Mount-cache hash table entries: 4096 (order: 3, 32768 bytes)
[    0.131727] Mountpoint-cache hash table entries: 4096 (order: 3, 32768 bytes)
[    0.131903] mce: CPU supports 0 MCE banks
[    0.131921] process: using mwait in idle threads
[    0.131925] Last level iTLB entries: 4KB 512, 2MB 8, 4MB 8
[    0.131925] Last level dTLB entries: 4KB 512, 2MB 32, 4MB 32, 1GB 0
[    0.131927] Spectre V2 : Mitigation: Full generic retpoline
[    0.131927] Spectre V2 : Spectre v2 / SpectreRSB mitigation: Filling RSB on context switch
[    0.131928] Speculative Store Bypass: Vulnerable
[    0.148810] Freeing SMP alternatives memory: 40K
[    0.149150] smpboot: CPU0: Intel(R) Core(TM) i5-3470S CPU @ 2.90GHz (family: 0x6, model: 0x3a, stepping: 0x9)
[    0.149150] Performance Events: unsupported p6 CPU model 58 no PMU driver, software events only.
[    0.149150] rcu: Hierarchical SRCU implementation.
[    0.149150] smp: Bringing up secondary CPUs ...
[    0.149150] smp: Brought up 1 node, 1 CPU
[    0.149150] smpboot: Max logical packages: 1
[    0.149150] smpboot: Total of 1 processors activated (5786.94 BogoMIPS)
[    0.149150] devtmpfs: initialized
[    0.149150] clocksource: jiffies: mask: 0xffffffff max_cycles: 0xffffffff, max_idle_ns: 1911260446275000 ns
[    0.149150] futex hash table entries: 256 (order: 2, 16384 bytes)
[    0.149150] RTC time: 12:33:39, date: 12/04/18
[    0.149150] NET: Registered protocol family 16
[    0.149150] audit: initializing netlink subsys (disabled)
[    0.149150] cpuidle: using governor menu
[    0.149150] ACPI: bus type PCI registered
[    0.149208] PCI: Using configuration type 1 for base access
[    0.152483] audit: type=2000 audit(1543926819.022:1): state=initialized audit_enabled=0 res=1
[    0.153158] kworker/u2:1 (246) used greatest stack depth: 14680 bytes left
[    0.153185] kworker/u2:1 (240) used greatest stack depth: 14248 bytes left
[    0.158198] HugeTLB registered 2.00 MiB page size, pre-allocated 0 pages
[    0.158297] ACPI: Added _OSI(Module Device)
[    0.158298] ACPI: Added _OSI(Processor Device)
[    0.158298] ACPI: Added _OSI(3.0 _SCP Extensions)
[    0.158299] ACPI: Added _OSI(Processor Aggregator Device)
[    0.158300] ACPI: Added _OSI(Linux-Dell-Video)
[    0.158300] ACPI: Added _OSI(Linux-Lenovo-NV-HDMI-Audio)
[    0.159150] ACPI: 2 ACPI AML tables successfully acquired and loaded
[    0.160973] ACPI: Interpreter enabled
[    0.160981] ACPI: (supports S0 S5)
[    0.160982] ACPI: Using IOAPIC for interrupt routing
[    0.161108] PCI: Using host bridge windows from ACPI; if necessary, use "pci=nocrs" and report a bug
[    0.161150] ACPI: Enabled 2 GPEs in block 00 to 07
[    0.164850] ACPI: PCI Root Bridge [PCI0] (domain 0000 [bus 00-ff])
[    0.164854] acpi PNP0A03:00: _OSC: OS supports [ASPM ClockPM Segments MSI]
[    0.164866] acpi PNP0A03:00: _OSC: not requesting OS control; OS requires [ExtendedConfig ASPM ClockPM MSI]
[    0.164872] acpi PNP0A03:00: fail to add MMCONFIG information, can't access extended PCI configuration space under this bridge.
[    0.164962] PCI host bridge to bus 0000:00
[    0.164964] pci_bus 0000:00: root bus resource [io  0x0000-0x0cf7 window]
[    0.164965] pci_bus 0000:00: root bus resource [io  0x0d00-0xffff window]
[    0.164967] pci_bus 0000:00: root bus resource [mem 0x000a0000-0x000bffff window]
[    0.164968] pci_bus 0000:00: root bus resource [mem 0x80000000-0xfdffffff window]
[    0.164969] pci_bus 0000:00: root bus resource [bus 00-ff]
[    0.165016] pci 0000:00:00.0: [8086:1237] type 00 class 0x060000
[    0.165613] pci 0000:00:01.0: [8086:7000] type 00 class 0x060100
[    0.166332] pci 0000:00:01.1: [8086:7111] type 00 class 0x01018a
[    0.166760] pci 0000:00:01.1: reg 0x20: [io  0xd000-0xd00f]
[    0.166935] pci 0000:00:01.1: legacy IDE quirk: reg 0x10: [io  0x01f0-0x01f7]
[    0.166936] pci 0000:00:01.1: legacy IDE quirk: reg 0x14: [io  0x03f6]
[    0.166937] pci 0000:00:01.1: legacy IDE quirk: reg 0x18: [io  0x0170-0x0177]
[    0.166938] pci 0000:00:01.1: legacy IDE quirk: reg 0x1c: [io  0x0376]
[    0.167270] pci 0000:00:02.0: [80ee:beef] type 00 class 0x030000
[    0.168481] pci 0000:00:02.0: reg 0x10: [mem 0xe0000000-0xe0ffffff pref]
[    0.175849] pci 0000:00:03.0: [8086:100e] type 00 class 0x020000
[    0.176648] pci 0000:00:03.0: reg 0x10: [mem 0xf0000000-0xf001ffff]
[    0.178263] pci 0000:00:03.0: reg 0x18: [io  0xd010-0xd017]
[    0.182572] pci 0000:00:04.0: [80ee:cafe] type 00 class 0x088000
[    0.183270] pci 0000:00:04.0: reg 0x10: [io  0xd020-0xd03f]
[    0.184011] pci 0000:00:04.0: reg 0x14: [mem 0xf0400000-0xf07fffff]
[    0.184527] pci 0000:00:04.0: reg 0x18: [mem 0xf0800000-0xf0803fff pref]
[    0.188760] pci 0000:00:05.0: [8086:2415] type 00 class 0x040100
[    0.188912] pci 0000:00:05.0: reg 0x10: [io  0xd100-0xd1ff]
[    0.188990] pci 0000:00:05.0: reg 0x14: [io  0xd200-0xd23f]
[    0.189726] pci 0000:00:06.0: [106b:003f] type 00 class 0x0c0310
[    0.190606] pci 0000:00:06.0: reg 0x10: [mem 0xf0804000-0xf0804fff]
[    0.196508] pci 0000:00:07.0: [8086:7113] type 00 class 0x068000
[    0.196903] pci 0000:00:07.0: quirk: [io  0x4000-0x403f] claimed by PIIX4 ACPI
[    0.196913] pci 0000:00:07.0: quirk: [io  0x4100-0x410f] claimed by PIIX4 SMB
[    0.197213] pci 0000:00:0d.0: [8086:2829] type 00 class 0x010601
[    0.198099] pci 0000:00:0d.0: reg 0x10: [io  0xd240-0xd247]
[    0.198642] pci 0000:00:0d.0: reg 0x14: [io  0xd248-0xd24b]
[    0.199532] pci 0000:00:0d.0: reg 0x18: [io  0xd250-0xd257]
[    0.200269] pci 0000:00:0d.0: reg 0x1c: [io  0xd258-0xd25b]
[    0.201068] pci 0000:00:0d.0: reg 0x20: [io  0xd260-0xd26f]
[    0.201914] pci 0000:00:0d.0: reg 0x24: [mem 0xf0806000-0xf0807fff]
[    0.204419] ACPI: PCI Interrupt Link [LNKA] (IRQs 5 9 10 *11)
[    0.204591] ACPI: PCI Interrupt Link [LNKB] (IRQs 5 9 *10 11)
[    0.204674] ACPI: PCI Interrupt Link [LNKC] (IRQs 5 *9 10 11)
[    0.204749] ACPI: PCI Interrupt Link [LNKD] (IRQs 5 9 10 *11)
[    0.205014] pci 0000:00:02.0: vgaarb: setting as boot VGA device
[    0.205016] pci 0000:00:02.0: vgaarb: VGA device added: decodes=io+mem,owns=io+mem,locks=none
[    0.205018] pci 0000:00:02.0: vgaarb: bridge control possible
[    0.205018] vgaarb: loaded
[    0.205103] SCSI subsystem initialized
[    0.205150] libata version 3.00 loaded.
[    0.205150] ACPI: bus type USB registered
[    0.205150] usbcore: registered new interface driver usbfs
[    0.205150] usbcore: registered new interface driver hub
[    0.205150] usbcore: registered new device driver usb
[    0.205150] pps_core: LinuxPPS API ver. 1 registered
[    0.205150] pps_core: Software ver. 5.3.6 - Copyright 2005-2007 Rodolfo Giometti <giometti@linux.it>
[    0.205150] PTP clock support registered
[    0.206273] EDAC MC: Ver: 3.0.0
[    0.206570] Advanced Linux Sound Architecture Driver Initialized.
[    0.206578] PCI: Using ACPI for IRQ routing
[    0.206579] PCI: pci_cache_line_size set to 64 bytes
[    0.206752] e820: reserve RAM buffer [mem 0x0009fc00-0x0009ffff]
[    0.206756] e820: reserve RAM buffer [mem 0x7fff0000-0x7fffffff]
[    0.206845] NetLabel: Initializing
[    0.206845] NetLabel:  domain hash size = 128
[    0.206846] NetLabel:  protocols = UNLABELED CIPSOv4 CALIPSO
[    0.206859] NetLabel:  unlabeled traffic allowed by default
[    0.207015] clocksource: Switched to clocksource tsc-early
[    0.213253] VFS: Disk quotas dquot_6.6.0
[    0.213264] VFS: Dquot-cache hash table entries: 512 (order 0, 4096 bytes)
[    0.213287] pnp: PnP ACPI init
[    0.213287] pnp 00:00: Plug and Play ACPI device, IDs PNP0303 (active)
[    0.213391] pnp 00:01: Plug and Play ACPI device, IDs PNP0f03 (active)
[    0.214088] pnp: PnP ACPI: found 2 devices
[    0.221075] clocksource: acpi_pm: mask: 0xffffff max_cycles: 0xffffff, max_idle_ns: 2085701024 ns
[    0.221871] pci_bus 0000:00: resource 4 [io  0x0000-0x0cf7 window]
[    0.221873] pci_bus 0000:00: resource 5 [io  0x0d00-0xffff window]
[    0.221874] pci_bus 0000:00: resource 6 [mem 0x000a0000-0x000bffff window]
[    0.221875] pci_bus 0000:00: resource 7 [mem 0x80000000-0xfdffffff window]
[    0.221911] NET: Registered protocol family 2
[    0.222014] tcp_listen_portaddr_hash hash table entries: 1024 (order: 2, 16384 bytes)
[    0.222019] TCP established hash table entries: 16384 (order: 5, 131072 bytes)
[    0.222039] TCP bind hash table entries: 16384 (order: 6, 262144 bytes)
[    0.222058] TCP: Hash tables configured (established 16384 bind 16384)
[    0.222084] UDP hash table entries: 1024 (order: 3, 32768 bytes)
[    0.222089] UDP-Lite hash table entries: 1024 (order: 3, 32768 bytes)
[    0.222113] NET: Registered protocol family 1
[    0.222184] RPC: Registered named UNIX socket transport module.
[    0.222185] RPC: Registered udp transport module.
[    0.222185] RPC: Registered tcp transport module.
[    0.222186] RPC: Registered tcp NFSv4.1 backchannel transport module.
[    0.222295] pci 0000:00:00.0: Limiting direct PCI/PCI transfers
[    0.222310] pci 0000:00:01.0: Activating ISA DMA hang workarounds
[    0.222358] pci 0000:00:02.0: Video device with shadowed ROM at [mem 0x000c0000-0x000dffff]
[    0.223222] PCI: CLS 0 bytes, default 64
[    0.223289] RAPL PMU: API unit is 2^-32 Joules, 3 fixed counters, 10737418240 ms ovfl timer
[    0.223289] RAPL PMU: hw unit of domain pp0-core 2^-0 Joules
[    0.223289] RAPL PMU: hw unit of domain package 2^-0 Joules
[    0.223289] RAPL PMU: hw unit of domain pp1-gpu 2^-0 Joules
[    0.223405] platform rtc_cmos: registered platform RTC device (no PNP device found)
[    0.223531] check: Scanning for low memory corruption every 60 seconds
[    0.223966] Initialise system trusted keyrings
[    0.224203] workingset: timestamp_bits=56 max_order=19 bucket_order=0
[    0.226521] NFS: Registering the id_resolver key type
[    0.226525] Key type id_resolver registered
[    0.226525] Key type id_legacy registered
[    0.228399] Key type asymmetric registered
[    0.228400] Asymmetric key parser 'x509' registered
[    0.228407] Block layer SCSI generic (bsg) driver version 0.4 loaded (major 251)
[    0.228408] io scheduler noop registered
[    0.228409] io scheduler deadline registered
[    0.228425] io scheduler cfq registered (default)
[    0.228425] io scheduler mq-deadline registered
[    0.228426] io scheduler kyber registered
[    0.228736] ACPI: AC Adapter [AC] (on-line)
[    0.228814] input: Power Button as /devices/LNXSYSTM:00/LNXPWRBN:00/input/input0
[    0.228870] ACPI: Power Button [PWRF]
[    0.228933] input: Sleep Button as /devices/LNXSYSTM:00/LNXSLPBN:00/input/input1
[    0.228938] ACPI: Sleep Button [SLPF]
[    0.229011] ACPI: Video Device [GFX0] (multi-head: yes  rom: no  post: no)
[    0.229045] input: Video Bus as /devices/LNXSYSTM:00/LNXSYBUS:00/PNP0A03:00/LNXVIDEO:00/input/input2
[    0.229284] Serial: 8250/16550 driver, 4 ports, IRQ sharing enabled
[    0.230371] Non-volatile memory driver v1.3
[    0.230392] Linux agpgart interface v0.103
[    0.231530] loop: module loaded
[    0.231621] ahci 0000:00:0d.0: version 3.0
[    0.232035] ahci 0000:00:0d.0: SSS flag set, parallel bus scan disabled
[    0.232149] ahci 0000:00:0d.0: AHCI 0001.0100 32 slots 1 ports 3 Gbps 0x1 impl SATA mode
[    0.232151] ahci 0000:00:0d.0: flags: 64bit ncq stag only ccc 
[    0.232712] scsi host0: ahci
[    0.232771] ata1: SATA max UDMA/133 abar m8192@0xf0806000 port 0xf0806100 irq 21
[    0.232788] ata_piix 0000:00:01.1: version 2.13
[    0.233282] scsi host1: ata_piix
[    0.233353] scsi host2: ata_piix
[    0.233374] ata2: PATA max UDMA/33 cmd 0x1f0 ctl 0x3f6 bmdma 0xd000 irq 14
[    0.233375] ata3: PATA max UDMA/33 cmd 0x170 ctl 0x376 bmdma 0xd008 irq 15
[    0.233441] e100: Intel(R) PRO/100 Network Driver, 3.5.24-k2-NAPI
[    0.233441] e100: Copyright(c) 1999-2006 Intel Corporation
[    0.233448] e1000: Intel(R) PRO/1000 Network Driver - version 7.3.21-k8-NAPI
[    0.233448] e1000: Copyright (c) 1999-2006 Intel Corporation.
[    0.391178] ata3.00: ATAPI: VBOX CD-ROM, 1.0, max UDMA/133
[    0.543477] ata1: SATA link up 3.0 Gbps (SStatus 123 SControl 300)
[    0.543667] ata1.00: ATA-6: VBOX HARDDISK, 1.0, max UDMA/133
[    0.543668] ata1.00: 88080384 sectors, multi 128: LBA48 NCQ (depth 32)
[    0.547927] ata1.00: configured for UDMA/133
[    0.548037] scsi 0:0:0:0: Direct-Access     ATA      VBOX HARDDISK    1.0  PQ: 0 ANSI: 5
[    0.548219] sd 0:0:0:0: [sda] 88080384 512-byte logical blocks: (45.1 GB/42.0 GiB)
[    0.548225] sd 0:0:0:0: [sda] Write Protect is off
[    0.548227] sd 0:0:0:0: [sda] Mode Sense: 00 3a 00 00
[    0.548236] sd 0:0:0:0: [sda] Write cache: enabled, read cache: enabled, doesn't support DPO or FUA
[    0.548242] sd 0:0:0:0: Attached scsi generic sg0 type 0
[    0.549404] scsi 2:0:0:0: CD-ROM            VBOX     CD-ROM           1.0  PQ: 0 ANSI: 5
[    0.549911]  sda: sda1 sda2 sda3 sda4
[    0.550109] sd 0:0:0:0: [sda] Attached SCSI disk
[    0.563772] sr 2:0:0:0: [sr0] scsi3-mmc drive: 32x/32x xa/form2 tray
[    0.563774] cdrom: Uniform CD-ROM driver Revision: 3.20
[    0.563926] sr 2:0:0:0: Attached scsi CD-ROM sr0
[    0.564071] sr 2:0:0:0: Attached scsi generic sg1 type 5
[    0.578299] e1000 0000:00:03.0 eth0: (PCI:33MHz:32-bit) 08:00:27:e9:5d:19
[    0.578302] e1000 0000:00:03.0 eth0: Intel(R) PRO/1000 Network Connection
[    0.578324] e1000e: Intel(R) PRO/1000 Network Driver - 3.2.6-k
[    0.578324] e1000e: Copyright(c) 1999 - 2015 Intel Corporation.
[    0.578324] sky2: driver version 1.30
[    0.578393] ehci_hcd: USB 2.0 'Enhanced' Host Controller (EHCI) Driver
[    0.578393] ehci-pci: EHCI PCI platform driver
[    0.578398] ohci_hcd: USB 1.1 'Open' Host Controller (OHCI) Driver
[    0.578407] ohci-pci: OHCI PCI platform driver
[    0.578817] ohci-pci 0000:00:06.0: OHCI PCI host controller
[    0.578868] ohci-pci 0000:00:06.0: new USB bus registered, assigned bus number 1
[    0.578927] ohci-pci 0000:00:06.0: irq 22, io mem 0xf0804000
[    0.631228] usb usb1: New USB device found, idVendor=1d6b, idProduct=0001, bcdDevice= 4.20
[    0.631230] usb usb1: New USB device strings: Mfr=3, Product=2, SerialNumber=1
[    0.631231] usb usb1: Product: OHCI PCI host controller
[    0.631232] usb usb1: Manufacturer: Linux 4.20.0-thor_kernel ohci_hcd
[    0.631233] usb usb1: SerialNumber: 0000:00:06.0
[    0.631347] hub 1-0:1.0: USB hub found
[    0.631360] hub 1-0:1.0: 12 ports detected
[    0.631681] uhci_hcd: USB Universal Host Controller Interface driver
[    0.631742] usbcore: registered new interface driver usblp
[    0.631758] usbcore: registered new interface driver usb-storage
[    0.631800] i8042: PNP: PS/2 Controller [PNP0303:PS2K,PNP0f03:PS2M] at 0x60,0x64 irq 1,12
[    0.632203] serio: i8042 KBD port at 0x60,0x64 irq 1
[    0.632203] serio: i8042 AUX port at 0x60,0x64 irq 12
[    0.632459] input: AT Translated Set 2 keyboard as /devices/platform/i8042/serio0/input/input3
[    0.633406] rtc_cmos rtc_cmos: registered as rtc0
[    0.633425] rtc_cmos rtc_cmos: alarms up to one day, 114 bytes nvram
[    0.633572] device-mapper: ioctl: 4.39.0-ioctl (2018-04-03) initialised: dm-devel@redhat.com
[    0.633601] hidraw: raw HID events driver (C) Jiri Kosina
[    0.633902] usbcore: registered new interface driver usbhid
[    0.633902] usbhid: USB HID core driver
[    0.634243] Initializing XFRM netlink socket
[    0.634387] NET: Registered protocol family 10
[    0.635422] Segment Routing with IPv6
[    0.635474] sit: IPv6, IPv4 and MPLS over IPv4 tunneling driver
[    0.635584] NET: Registered protocol family 17
[    0.635596] Key type dns_resolver registered
[    0.635692] sched_clock: Marking stable (627948151, 7279006)->(738151438, -102924281)
[    0.635828] registered taskstats version 1
[    0.635828] Loading compiled-in X.509 certificates
[    0.635987]   Magic number: 14:637:581
[    0.635990] sound seq: hash matches
[    0.636019] printk: console [netcon0] enabled
[    0.636019] netconsole: network logging started
[    0.636058] cfg80211: Loading compiled-in X.509 certificates for regulatory database
[    0.636582] cfg80211: Loaded X.509 cert 'sforshee: 00b28ddf47aef9cea7'
[    0.636585] ALSA device list:
[    0.636585]   No soundcards found.
[    0.636634] platform regulatory.0: Direct firmware load for regulatory.db failed with error -2
[    0.636641] cfg80211: failed to load regulatory.db
[    0.838675] random: fast init done
[    0.839087] input: ImExPS/2 Generic Explorer Mouse as /devices/platform/i8042/serio1/input/input5
[    0.839223] md: Waiting for all devices to be available before autodetect
[    0.839223] md: If you don't use raid, use raid=noautodetect
[    0.839341] md: Autodetecting RAID arrays.
[    0.839342] md: autorun ...
[    0.839342] md: ... autorun DONE.
[    0.864529] EXT4-fs (sda3): mounted filesystem with ordered data mode. Opts: (null)
[    0.864548] VFS: Mounted root (ext4 filesystem) readonly on device 8:3.
[    1.013764] usb 1-1: new full-speed USB device number 2 using ohci-pci
[    1.018940] devtmpfs: mounted
[    1.019200] Freeing unused kernel image memory: 1244K
[    1.021886] Write protecting the kernel read-only data: 18432k
[    1.022111] Freeing unused kernel image memory: 2008K
[    1.022290] Freeing unused kernel image memory: 956K
[    1.022303] Run /sbin/init as init process
[    1.246197] tsc: Refined TSC clocksource calibration: 2893.406 MHz
[    1.246200] clocksource: tsc: mask: 0xffffffffffffffff max_cycles: 0x29b4ee1aabe, max_idle_ns: 440795265226 ns
[    1.246208] clocksource: Switched to clocksource tsc
[    1.249835] usb 1-1: New USB device found, idVendor=80ee, idProduct=0021, bcdDevice= 1.00
[    1.249837] usb 1-1: New USB device strings: Mfr=1, Product=3, SerialNumber=0
[    1.249852] usb 1-1: Product: USB Tablet
[    1.249853] usb 1-1: Manufacturer: VirtualBox
[    1.263597] input: VirtualBox USB Tablet as /devices/pci0000:00/0000:00:06.0/usb1/1-1/1-1:1.0/0003:80EE:0021.0001/input/input6
[    1.263678] hid-generic 0003:80EE:0021.0001: input,hidraw0: USB HID v1.10 Mouse [VirtualBox USB Tablet] on usb-0000:00:06.0-1/input0
[    1.327193] stty (1077) used greatest stack depth: 13872 bytes left
[    1.645693] ip (1135) used greatest stack depth: 13752 bytes left
[    1.646773] ip (1136) used greatest stack depth: 12456 bytes left
[    1.698268] random: crng init done
[    1.936523] udevd[1166]: starting version 3.2.5
[    2.084382] udevd[1167]: starting eudev-3.2.5
[    2.447827] e1000 0000:00:03.0 enp0s3: renamed from eth0
[    2.925546] Adding 4194300k swap on /dev/sda2.  Priority:1 extents:1 across:4194300k 
[    2.944433] EXT4-fs (sda3): re-mounted. Opts: (null)
[    3.018265] EXT4-fs (sda3): re-mounted. Opts: (null)
[    3.051917] EXT4-fs (sda4): mounted filesystem with ordered data mode. Opts: (null)
[    3.063681] EXT4-fs (sda1): mounting ext2 file system using the ext4 subsystem
[    3.068048] EXT4-fs (sda1): warning: mounting unchecked fs, running e2fsck is recommended
[    3.069083] EXT4-fs (sda1): mounted filesystem without journal. Opts: (null)
[    5.448598] IPv6: ADDRCONF(NETDEV_UP): enp0s3: link is not ready
[    5.450672] e1000: enp0s3 NIC Link is Up 1000 Mbps Full Duplex, Flow Control: RX
[    5.451527] IPv6: ADDRCONF(NETDEV_CHANGE): enp0s3: link becomes ready
