[    0.000000] Linux version 4.20.0-rc5 (root@nbouchin) (gcc version 8.2.0 (GCC)) #1 SMP Mon Dec 3 16:42:11 CET 2018
[    0.000000] Command line: BOOT_IMAGE=/vmlinuz-4.20.0-nbouchin root=/dev/sda3 ro quiet loglevel=3 vga=current
[    0.000000] x86/fpu: Supporting XSAVE feature 0x001: 'x87 floating point registers'
[    0.000000] x86/fpu: Supporting XSAVE feature 0x002: 'SSE registers'
[    0.000000] x86/fpu: Supporting XSAVE feature 0x004: 'AVX registers'
[    0.000000] x86/fpu: xstate_offset[2]:  576, xstate_sizes[2]:  256
[    0.000000] x86/fpu: Enabled xstate features 0x7, context size is 832 bytes, using 'standard' format.
[    0.000000] BIOS-provided physical RAM map:
[    0.000000] BIOS-e820: [mem 0x0000000000000000-0x000000000009fbff] usable
[    0.000000] BIOS-e820: [mem 0x000000000009fc00-0x000000000009ffff] reserved
[    0.000000] BIOS-e820: [mem 0x00000000000f0000-0x00000000000fffff] reserved
[    0.000000] BIOS-e820: [mem 0x0000000000100000-0x000000007ffeffff] usable
[    0.000000] BIOS-e820: [mem 0x000000007fff0000-0x000000007fffffff] ACPI data
[    0.000000] BIOS-e820: [mem 0x00000000fec00000-0x00000000fec00fff] reserved
[    0.000000] BIOS-e820: [mem 0x00000000fee00000-0x00000000fee00fff] reserved
[    0.000000] BIOS-e820: [mem 0x00000000fffc0000-0x00000000ffffffff] reserved
[    0.000000] NX (Execute Disable) protection: active
[    0.000000] SMBIOS 2.5 present.
[    0.000000] DMI: innotek GmbH VirtualBox/VirtualBox, BIOS VirtualBox 12/01/2006
[    0.000000] tsc: Fast TSC calibration using PIT
[    0.000000] tsc: Detected 2893.556 MHz processor
[    0.002512] e820: update [mem 0x00000000-0x00000fff] usable ==> reserved
[    0.002522] e820: remove [mem 0x000a0000-0x000fffff] usable
[    0.002525] last_pfn = 0x7fff0 max_arch_pfn = 0x400000000
[    0.002534] MTRR default type: uncachable
[    0.002534] MTRR variable ranges disabled:
[    0.002535] Disabled
[    0.002536] x86/PAT: MTRRs disabled, skipping PAT initialization too.
[    0.002538] CPU MTRRs all blank - virtualized system.
[    0.002540] x86/PAT: Configuration [0-7]: WB  WT  UC- UC  WB  WT  UC- UC  
[    0.002599] found SMP MP-table at [mem 0x0009fff0-0x0009ffff] mapped at [(____ptrval____)]
[    0.002611] check: Scanning 1 areas for low memory corruption
[    0.002613] Base memory trampoline at [(____ptrval____)] 99000 size 24576
[    0.002638] BRK [0x40a01000, 0x40a01fff] PGTABLE
[    0.002640] BRK [0x40a02000, 0x40a02fff] PGTABLE
[    0.002641] BRK [0x40a03000, 0x40a03fff] PGTABLE
[    0.002666] BRK [0x40a04000, 0x40a04fff] PGTABLE
[    0.002668] BRK [0x40a05000, 0x40a05fff] PGTABLE
[    0.002778] BRK [0x40a06000, 0x40a06fff] PGTABLE
[    0.002812] ACPI: Early table checksum verification disabled
[    0.002830] ACPI: RSDP 0x00000000000E0000 000024 (v02 VBOX  )
[    0.002834] ACPI: XSDT 0x000000007FFF0030 00003C (v01 VBOX   VBOXXSDT 00000001 ASL  00000061)
[    0.002838] ACPI: FACP 0x000000007FFF00F0 0000F4 (v04 VBOX   VBOXFACP 00000001 ASL  00000061)
[    0.002843] ACPI: DSDT 0x000000007FFF0470 0021FF (v02 VBOX   VBOXBIOS 00000002 INTL 20100528)
[    0.002846] ACPI: FACS 0x000000007FFF0200 000040
[    0.002849] ACPI: FACS 0x000000007FFF0200 000040
[    0.002851] ACPI: APIC 0x000000007FFF0240 000054 (v02 VBOX   VBOXAPIC 00000001 ASL  00000061)
[    0.002854] ACPI: SSDT 0x000000007FFF02A0 0001CC (v01 VBOX   VBOXCPUT 00000002 INTL 20100528)
[    0.002862] ACPI: Local APIC address 0xfee00000
[    0.003057] No NUMA configuration found
[    0.003058] Faking a node at [mem 0x0000000000000000-0x000000007ffeffff]
[    0.003061] NODE_DATA(0) allocated [mem 0x7ffec000-0x7ffeffff]
[    0.004277] Zone ranges:
[    0.004278]   DMA      [mem 0x0000000000001000-0x0000000000ffffff]
[    0.004279]   DMA32    [mem 0x0000000001000000-0x000000007ffeffff]
[    0.004280]   Normal   empty
[    0.004280] Movable zone start for each node
[    0.004281] Early memory node ranges
[    0.004281]   node   0: [mem 0x0000000000001000-0x000000000009efff]
[    0.004282]   node   0: [mem 0x0000000000100000-0x000000007ffeffff]
[    0.005354] Zeroed struct page in unavailable ranges: 98 pages
[    0.005356] Initmem setup node 0 [mem 0x0000000000001000-0x000000007ffeffff]
[    0.005357] On node 0 totalpages: 524174
[    0.005358]   DMA zone: 64 pages used for memmap
[    0.005358]   DMA zone: 21 pages reserved
[    0.005358]   DMA zone: 3998 pages, LIFO batch:0
[    0.005436]   DMA32 zone: 8128 pages used for memmap
[    0.005437]   DMA32 zone: 520176 pages, LIFO batch:63
[    0.030011] ACPI: PM-Timer IO Port: 0x4008
[    0.030014] ACPI: Local APIC address 0xfee00000
[    0.030064] IOAPIC[0]: apic_id 1, version 32, address 0xfec00000, GSI 0-23
[    0.030067] ACPI: INT_SRC_OVR (bus 0 bus_irq 0 global_irq 2 dfl dfl)
[    0.030068] ACPI: INT_SRC_OVR (bus 0 bus_irq 9 global_irq 9 low level)
[    0.030070] ACPI: IRQ0 used by override.
[    0.030070] ACPI: IRQ9 used by override.
[    0.030072] Using ACPI (MADT) for SMP configuration information
[    0.030078] smpboot: Allowing 1 CPUs, 0 hotplug CPUs
[    0.030088] PM: Registered nosave memory: [mem 0x00000000-0x00000fff]
[    0.030089] PM: Registered nosave memory: [mem 0x0009f000-0x0009ffff]
[    0.030089] PM: Registered nosave memory: [mem 0x000a0000-0x000effff]
[    0.030090] PM: Registered nosave memory: [mem 0x000f0000-0x000fffff]
[    0.030091] [mem 0x80000000-0xfebfffff] available for PCI devices
[    0.030094] clocksource: refined-jiffies: mask: 0xffffffff max_cycles: 0xffffffff, max_idle_ns: 1910969940391419 ns
[    0.030102] random: get_random_bytes called from start_kernel+0x90/0x493 with crng_init=0
[    0.030106] setup_percpu: NR_CPUS:64 nr_cpumask_bits:64 nr_cpu_ids:1 nr_node_ids:1
[    0.031358] percpu: Embedded 43 pages/cpu @(____ptrval____) s137944 r8192 d29992 u2097152
[    0.031362] pcpu-alloc: s137944 r8192 d29992 u2097152 alloc=1*2097152
[    0.031363] pcpu-alloc: [0] 0 
[    0.031375] Built 1 zonelists, mobility grouping on.  Total pages: 515961
[    0.031375] Policy zone: DMA32
[    0.031377] Kernel command line: BOOT_IMAGE=/vmlinuz-4.20.0-nbouchin root=/dev/sda3 ro quiet loglevel=3 vga=current
[    0.031474] Calgary: detecting Calgary via BIOS EBDA area
[    0.031475] Calgary: Unable to locate Rio Grande table in EBDA - bailing!
[    0.036297] Memory: 2038876K/2096696K available (14341K kernel code, 1261K rwdata, 3192K rodata, 1252K init, 1432K bss, 57820K reserved, 0K cma-reserved)
[    0.037770] SLUB: HWalign=64, Order=0-3, MinObjects=0, CPUs=1, Nodes=1
[    0.037774] Kernel/User page tables isolation: enabled
[    0.039147] rcu: Hierarchical RCU implementation.
[    0.039148] rcu: 	RCU event tracing is enabled.
[    0.039149] rcu: 	RCU restricting CPUs from NR_CPUS=64 to nr_cpu_ids=1.
[    0.039150] rcu: RCU calculated value of scheduler-enlistment delay is 100 jiffies.
[    0.039151] rcu: Adjusting geometry for rcu_fanout_leaf=16, nr_cpu_ids=1
[    0.039268] NR_IRQS: 4352, nr_irqs: 256, preallocated irqs: 16
[    0.046463] Console: colour VGA+ 80x25
[    0.046465] printk: console [tty0] enabled
[    0.046483] ACPI: Core revision 20181003
[    0.046612] APIC: Switch to symmetric I/O mode setup
[    0.047747] ..TIMER: vector=0x30 apic1=0 pin1=2 apic2=-1 pin2=-1
[    0.051679] clocksource: tsc-early: mask: 0xffffffffffffffff max_cycles: 0x29b57b86ec9, max_idle_ns: 440795265229 ns
[    0.051679] Calibrating delay loop (skipped), value calculated using timer frequency.. 5787.11 BogoMIPS (lpj=2893556)
[    0.051679] pid_max: default: 32768 minimum: 301
[    0.051679] LSM: Security Framework initializing
[    0.051680] SELinux:  Initializing.
[    0.052621] Dentry cache hash table entries: 262144 (order: 9, 2097152 bytes)
[    0.052679] Inode-cache hash table entries: 131072 (order: 8, 1048576 bytes)
[    0.052679] Mount-cache hash table entries: 4096 (order: 3, 32768 bytes)
[    0.052679] Mountpoint-cache hash table entries: 4096 (order: 3, 32768 bytes)
[    0.054087] mce: CPU supports 0 MCE banks
[    0.054149] process: using mwait in idle threads
[    0.054193] Last level iTLB entries: 4KB 512, 2MB 8, 4MB 8
[    0.054226] Last level dTLB entries: 4KB 512, 2MB 32, 4MB 32, 1GB 0
[    0.054255] Spectre V2 : Mitigation: Full generic retpoline
[    0.054277] Spectre V2 : Spectre v2 / SpectreRSB mitigation: Filling RSB on context switch
[    0.054295] Speculative Store Bypass: Vulnerable
[    0.071222] Freeing SMP alternatives memory: 44K
[    0.071679] smpboot: CPU0: Intel(R) Core(TM) i5-3470S CPU @ 2.90GHz (family: 0x6, model: 0x3a, stepping: 0x9)
[    0.071679] Performance Events: unsupported p6 CPU model 58 no PMU driver, software events only.
[    0.071679] rcu: Hierarchical SRCU implementation.
[    0.072682] smp: Bringing up secondary CPUs ...
[    0.072684] smp: Brought up 1 node, 1 CPU
[    0.072685] smpboot: Max logical packages: 1
[    0.072686] smpboot: Total of 1 processors activated (5787.11 BogoMIPS)
[    0.072838] devtmpfs: initialized
[    0.073029] clocksource: jiffies: mask: 0xffffffff max_cycles: 0xffffffff, max_idle_ns: 1911260446275000 ns
[    0.073033] futex hash table entries: 256 (order: 2, 16384 bytes)
[    0.073086] RTC time:  9:24:52, date: 12/04/18
[    0.073157] NET: Registered protocol family 16
[    0.073239] audit: initializing netlink subsys (disabled)
[    0.073317] cpuidle: using governor menu
[    0.073362] ACPI: bus type PCI registered
[    0.073443] PCI: Using configuration type 1 for base access
[    0.074818] audit: type=2000 audit(1543915492.026:1): state=initialized audit_enabled=0 res=1
[    0.074870] HugeTLB registered 2.00 MiB page size, pre-allocated 0 pages
[    0.074949] ACPI: Added _OSI(Module Device)
[    0.074950] ACPI: Added _OSI(Processor Device)
[    0.074951] ACPI: Added _OSI(3.0 _SCP Extensions)
[    0.074951] ACPI: Added _OSI(Processor Aggregator Device)
[    0.074952] ACPI: Added _OSI(Linux-Dell-Video)
[    0.074953] ACPI: Added _OSI(Linux-Lenovo-NV-HDMI-Audio)
[    0.076240] ACPI: 2 ACPI AML tables successfully acquired and loaded
[    0.077340] ACPI: Interpreter enabled
[    0.077349] ACPI: (supports S0 S5)
[    0.077350] ACPI: Using IOAPIC for interrupt routing
[    0.077482] PCI: Using host bridge windows from ACPI; if necessary, use "pci=nocrs" and report a bug
[    0.077567] ACPI: Enabled 2 GPEs in block 00 to 07
[    0.080971] ACPI: PCI Root Bridge [PCI0] (domain 0000 [bus 00-ff])
[    0.080975] acpi PNP0A03:00: _OSC: OS supports [ASPM ClockPM Segments MSI]
[    0.080988] acpi PNP0A03:00: _OSC: not requesting OS control; OS requires [ExtendedConfig ASPM ClockPM MSI]
[    0.080994] acpi PNP0A03:00: fail to add MMCONFIG information, can't access extended PCI configuration space under this bridge.
[    0.081076] PCI host bridge to bus 0000:00
[    0.081078] pci_bus 0000:00: root bus resource [io  0x0000-0x0cf7 window]
[    0.081079] pci_bus 0000:00: root bus resource [io  0x0d00-0xffff window]
[    0.081081] pci_bus 0000:00: root bus resource [mem 0x000a0000-0x000bffff window]
[    0.081082] pci_bus 0000:00: root bus resource [mem 0x80000000-0xfdffffff window]
[    0.081083] pci_bus 0000:00: root bus resource [bus 00-ff]
[    0.081130] pci 0000:00:00.0: [8086:1237] type 00 class 0x060000
[    0.081910] pci 0000:00:01.0: [8086:7000] type 00 class 0x060100
[    0.082646] pci 0000:00:01.1: [8086:7111] type 00 class 0x01018a
[    0.083116] pci 0000:00:01.1: reg 0x20: [io  0xd000-0xd00f]
[    0.083297] pci 0000:00:01.1: legacy IDE quirk: reg 0x10: [io  0x01f0-0x01f7]
[    0.083298] pci 0000:00:01.1: legacy IDE quirk: reg 0x14: [io  0x03f6]
[    0.083299] pci 0000:00:01.1: legacy IDE quirk: reg 0x18: [io  0x0170-0x0177]
[    0.083300] pci 0000:00:01.1: legacy IDE quirk: reg 0x1c: [io  0x0376]
[    0.083528] pci 0000:00:02.0: [80ee:beef] type 00 class 0x030000
[    0.085130] pci 0000:00:02.0: reg 0x10: [mem 0xe0000000-0xe0ffffff pref]
[    0.092369] pci 0000:00:03.0: [8086:100e] type 00 class 0x020000
[    0.093185] pci 0000:00:03.0: reg 0x10: [mem 0xf0000000-0xf001ffff]
[    0.095274] pci 0000:00:03.0: reg 0x18: [io  0xd010-0xd017]
[    0.100826] pci 0000:00:04.0: [80ee:cafe] type 00 class 0x088000
[    0.101800] pci 0000:00:04.0: reg 0x10: [io  0xd020-0xd03f]
[    0.102795] pci 0000:00:04.0: reg 0x14: [mem 0xf0400000-0xf07fffff]
[    0.103796] pci 0000:00:04.0: reg 0x18: [mem 0xf0800000-0xf0803fff pref]
[    0.109459] pci 0000:00:05.0: [8086:2415] type 00 class 0x040100
[    0.109736] pci 0000:00:05.0: reg 0x10: [io  0xd100-0xd1ff]
[    0.109819] pci 0000:00:05.0: reg 0x14: [io  0xd200-0xd23f]
[    0.110452] pci 0000:00:06.0: [106b:003f] type 00 class 0x0c0310
[    0.111070] pci 0000:00:06.0: reg 0x10: [mem 0xf0804000-0xf0804fff]
[    0.117231] pci 0000:00:07.0: [8086:7113] type 00 class 0x068000
[    0.117852] pci 0000:00:07.0: quirk: [io  0x4000-0x403f] claimed by PIIX4 ACPI
[    0.117863] pci 0000:00:07.0: quirk: [io  0x4100-0x410f] claimed by PIIX4 SMB
[    0.118180] pci 0000:00:0d.0: [8086:2829] type 00 class 0x010601
[    0.119162] pci 0000:00:0d.0: reg 0x10: [io  0xd240-0xd247]
[    0.120302] pci 0000:00:0d.0: reg 0x14: [io  0xd248-0xd24b]
[    0.121452] pci 0000:00:0d.0: reg 0x18: [io  0xd250-0xd257]
[    0.123137] pci 0000:00:0d.0: reg 0x1c: [io  0xd258-0xd25b]
[    0.124129] pci 0000:00:0d.0: reg 0x20: [io  0xd260-0xd26f]
[    0.125123] pci 0000:00:0d.0: reg 0x24: [mem 0xf0806000-0xf0807fff]
[    0.128103] ACPI: PCI Interrupt Link [LNKA] (IRQs 5 9 10 *11)
[    0.128300] ACPI: PCI Interrupt Link [LNKB] (IRQs 5 9 *10 11)
[    0.128383] ACPI: PCI Interrupt Link [LNKC] (IRQs 5 *9 10 11)
[    0.128464] ACPI: PCI Interrupt Link [LNKD] (IRQs 5 9 10 *11)
[    0.128674] pci 0000:00:02.0: vgaarb: setting as boot VGA device
[    0.128674] pci 0000:00:02.0: vgaarb: VGA device added: decodes=io+mem,owns=io+mem,locks=none
[    0.128684] pci 0000:00:02.0: vgaarb: bridge control possible
[    0.128685] vgaarb: loaded
[    0.128750] SCSI subsystem initialized
[    0.128806] libata version 3.00 loaded.
[    0.128836] ACPI: bus type USB registered
[    0.128855] usbcore: registered new interface driver usbfs
[    0.128860] usbcore: registered new interface driver hub
[    0.128869] usbcore: registered new device driver usb
[    0.128884] pps_core: LinuxPPS API ver. 1 registered
[    0.128884] pps_core: Software ver. 5.3.6 - Copyright 2005-2007 Rodolfo Giometti <giometti@linux.it>
[    0.128886] PTP clock support registered
[    0.128925] EDAC MC: Ver: 3.0.0
[    0.129256] Advanced Linux Sound Architecture Driver Initialized.
[    0.129265] PCI: Using ACPI for IRQ routing
[    0.129267] PCI: pci_cache_line_size set to 64 bytes
[    0.129467] e820: reserve RAM buffer [mem 0x0009fc00-0x0009ffff]
[    0.129472] e820: reserve RAM buffer [mem 0x7fff0000-0x7fffffff]
[    0.129580] NetLabel: Initializing
[    0.129581] NetLabel:  domain hash size = 128
[    0.129581] NetLabel:  protocols = UNLABELED CIPSOv4 CALIPSO
[    0.129598] NetLabel:  unlabeled traffic allowed by default
[    0.129679] clocksource: Switched to clocksource tsc-early
[    0.138859] VFS: Disk quotas dquot_6.6.0
[    0.138872] VFS: Dquot-cache hash table entries: 512 (order 0, 4096 bytes)
[    0.138932] pnp: PnP ACPI init
[    0.138992] pnp 00:00: Plug and Play ACPI device, IDs PNP0303 (active)
[    0.139057] pnp 00:01: Plug and Play ACPI device, IDs PNP0f03 (active)
[    0.139722] pnp: PnP ACPI: found 2 devices
[    0.146632] clocksource: acpi_pm: mask: 0xffffff max_cycles: 0xffffff, max_idle_ns: 2085701024 ns
[    0.146641] pci_bus 0000:00: resource 4 [io  0x0000-0x0cf7 window]
[    0.146642] pci_bus 0000:00: resource 5 [io  0x0d00-0xffff window]
[    0.146644] pci_bus 0000:00: resource 6 [mem 0x000a0000-0x000bffff window]
[    0.146645] pci_bus 0000:00: resource 7 [mem 0x80000000-0xfdffffff window]
[    0.146684] NET: Registered protocol family 2
[    0.146797] tcp_listen_portaddr_hash hash table entries: 1024 (order: 2, 16384 bytes)
[    0.146809] TCP established hash table entries: 16384 (order: 5, 131072 bytes)
[    0.146831] TCP bind hash table entries: 16384 (order: 6, 262144 bytes)
[    0.146853] TCP: Hash tables configured (established 16384 bind 16384)
[    0.146878] UDP hash table entries: 1024 (order: 3, 32768 bytes)
[    0.146883] UDP-Lite hash table entries: 1024 (order: 3, 32768 bytes)
[    0.146909] NET: Registered protocol family 1
[    0.147030] RPC: Registered named UNIX socket transport module.
[    0.147030] RPC: Registered udp transport module.
[    0.147031] RPC: Registered tcp transport module.
[    0.147031] RPC: Registered tcp NFSv4.1 backchannel transport module.
[    0.147139] pci 0000:00:00.0: Limiting direct PCI/PCI transfers
[    0.147153] pci 0000:00:01.0: Activating ISA DMA hang workarounds
[    0.147206] pci 0000:00:02.0: Video device with shadowed ROM at [mem 0x000c0000-0x000dffff]
[    0.148666] PCI: CLS 0 bytes, default 64
[    0.148773] RAPL PMU: API unit is 2^-32 Joules, 3 fixed counters, 10737418240 ms ovfl timer
[    0.148774] RAPL PMU: hw unit of domain pp0-core 2^-0 Joules
[    0.148775] RAPL PMU: hw unit of domain package 2^-0 Joules
[    0.148775] RAPL PMU: hw unit of domain pp1-gpu 2^-0 Joules
[    0.148802] platform rtc_cmos: registered platform RTC device (no PNP device found)
[    0.148885] check: Scanning for low memory corruption every 60 seconds
[    0.149172] Initialise system trusted keyrings
[    0.149206] workingset: timestamp_bits=56 max_order=19 bucket_order=0
[    0.150465] NFS: Registering the id_resolver key type
[    0.150469] Key type id_resolver registered
[    0.150469] Key type id_legacy registered
[    0.150748] cryptomgr_test (31) used greatest stack depth: 15448 bytes left
[    0.150776] kworker/u2:0 (33) used greatest stack depth: 14520 bytes left
[    0.151148] kworker/u2:0 (57) used greatest stack depth: 14104 bytes left
[    0.151670] Key type asymmetric registered
[    0.151671] Asymmetric key parser 'x509' registered
[    0.151678] Block layer SCSI generic (bsg) driver version 0.4 loaded (major 251)
[    0.151680] io scheduler noop registered
[    0.151681] io scheduler deadline registered
[    0.151699] io scheduler cfq registered (default)
[    0.151699] io scheduler mq-deadline registered
[    0.151700] io scheduler kyber registered
[    0.152141] ACPI: AC Adapter [AC] (on-line)
[    0.152184] input: Power Button as /devices/LNXSYSTM:00/LNXPWRBN:00/input/input0
[    0.152199] ACPI: Power Button [PWRF]
[    0.152291] input: Sleep Button as /devices/LNXSYSTM:00/LNXSLPBN:00/input/input1
[    0.152297] ACPI: Sleep Button [SLPF]
[    0.152389] ACPI: Video Device [GFX0] (multi-head: yes  rom: no  post: no)
[    0.152430] input: Video Bus as /devices/LNXSYSTM:00/LNXSYBUS:00/PNP0A03:00/LNXVIDEO:00/input/input2
[    0.152559] Serial: 8250/16550 driver, 4 ports, IRQ sharing enabled
[    0.154663] Non-volatile memory driver v1.3
[    0.154678] Linux agpgart interface v0.103
[    0.156802] loop: module loaded
[    0.156855] ahci 0000:00:0d.0: version 3.0
[    0.157354] ahci 0000:00:0d.0: SSS flag set, parallel bus scan disabled
[    0.157493] ahci 0000:00:0d.0: AHCI 0001.0100 32 slots 1 ports 3 Gbps 0x1 impl SATA mode
[    0.157496] ahci 0000:00:0d.0: flags: 64bit ncq stag only ccc 
[    0.157628] scsi host0: ahci
[    0.157628] ata1: SATA max UDMA/133 abar m8192@0xf0806000 port 0xf0806100 irq 21
[    0.157628] ata_piix 0000:00:01.1: version 2.13
[    0.157964] scsi host1: ata_piix
[    0.158014] scsi host2: ata_piix
[    0.158033] ata2: PATA max UDMA/33 cmd 0x1f0 ctl 0x3f6 bmdma 0xd000 irq 14
[    0.158034] ata3: PATA max UDMA/33 cmd 0x170 ctl 0x376 bmdma 0xd008 irq 15
[    0.158103] e100: Intel(R) PRO/100 Network Driver, 3.5.24-k2-NAPI
[    0.158103] e100: Copyright(c) 1999-2006 Intel Corporation
[    0.158111] e1000: Intel(R) PRO/1000 Network Driver - version 7.3.21-k8-NAPI
[    0.158111] e1000: Copyright (c) 1999-2006 Intel Corporation.
[    0.324708] ata3.00: ATAPI: VBOX CD-ROM, 1.0, max UDMA/133
[    0.476034] ata1: SATA link up 3.0 Gbps (SStatus 123 SControl 300)
[    0.476225] ata1.00: ATA-6: VBOX HARDDISK, 1.0, max UDMA/133
[    0.476226] ata1.00: 88080384 sectors, multi 128: LBA48 NCQ (depth 32)
[    0.480483] ata1.00: configured for UDMA/133
[    0.480552] scsi 0:0:0:0: Direct-Access     ATA      VBOX HARDDISK    1.0  PQ: 0 ANSI: 5
[    0.480552] sd 0:0:0:0: Attached scsi generic sg0 type 0
[    0.480864] sd 0:0:0:0: [sda] 88080384 512-byte logical blocks: (45.1 GB/42.0 GiB)
[    0.480872] sd 0:0:0:0: [sda] Write Protect is off
[    0.480873] sd 0:0:0:0: [sda] Mode Sense: 00 3a 00 00
[    0.480884] sd 0:0:0:0: [sda] Write cache: enabled, read cache: enabled, doesn't support DPO or FUA
[    0.481100] scsi 2:0:0:0: CD-ROM            VBOX     CD-ROM           1.0  PQ: 0 ANSI: 5
[    0.485547]  sda: sda1 sda2 sda3 sda4
[    0.485745] sd 0:0:0:0: [sda] Attached SCSI disk
[    0.499931] sr 2:0:0:0: [sr0] scsi3-mmc drive: 32x/32x xa/form2 tray
[    0.499933] cdrom: Uniform CD-ROM driver Revision: 3.20
[    0.500000] sr 2:0:0:0: Attached scsi CD-ROM sr0
[    0.500123] sr 2:0:0:0: Attached scsi generic sg1 type 5
[    0.517430] e1000 0000:00:03.0 eth0: (PCI:33MHz:32-bit) 08:00:27:e9:5d:19
[    0.517443] e1000 0000:00:03.0 eth0: Intel(R) PRO/1000 Network Connection
[    0.517475] e1000e: Intel(R) PRO/1000 Network Driver - 3.2.6-k
[    0.517475] e1000e: Copyright(c) 1999 - 2015 Intel Corporation.
[    0.517522] sky2: driver version 1.30
[    0.517586] ehci_hcd: USB 2.0 'Enhanced' Host Controller (EHCI) Driver
[    0.517586] ehci-pci: EHCI PCI platform driver
[    0.517592] ohci_hcd: USB 1.1 'Open' Host Controller (OHCI) Driver
[    0.517594] ohci-pci: OHCI PCI platform driver
[    0.517991] ohci-pci 0000:00:06.0: OHCI PCI host controller
[    0.517992] ohci-pci 0000:00:06.0: new USB bus registered, assigned bus number 1
[    0.518263] ohci-pci 0000:00:06.0: irq 22, io mem 0xf0804000
[    0.569961] usb usb1: New USB device found, idVendor=1d6b, idProduct=0001, bcdDevice= 4.20
[    0.569962] usb usb1: New USB device strings: Mfr=3, Product=2, SerialNumber=1
[    0.569964] usb usb1: Product: OHCI PCI host controller
[    0.569965] usb usb1: Manufacturer: Linux 4.20.0-rc5 ohci_hcd
[    0.569966] usb usb1: SerialNumber: 0000:00:06.0
[    0.570044] hub 1-0:1.0: USB hub found
[    0.570057] hub 1-0:1.0: 12 ports detected
[    0.570368] uhci_hcd: USB Universal Host Controller Interface driver
[    0.570387] usbcore: registered new interface driver usblp
[    0.570395] usbcore: registered new interface driver usb-storage
[    0.570412] i8042: PNP: PS/2 Controller [PNP0303:PS2K,PNP0f03:PS2M] at 0x60,0x64 irq 1,12
[    0.570544] serio: i8042 KBD port at 0x60,0x64 irq 1
[    0.570544] serio: i8042 AUX port at 0x60,0x64 irq 12
[    0.571582] input: AT Translated Set 2 keyboard as /devices/platform/i8042/serio0/input/input3
[    0.572709] rtc_cmos rtc_cmos: registered as rtc0
[    0.572721] rtc_cmos rtc_cmos: alarms up to one day, 114 bytes nvram
[    0.572805] device-mapper: ioctl: 4.39.0-ioctl (2018-04-03) initialised: dm-devel@redhat.com
[    0.572816] hidraw: raw HID events driver (C) Jiri Kosina
[    0.572903] usbcore: registered new interface driver usbhid
[    0.572903] usbhid: USB HID core driver
[    0.573153] Initializing XFRM netlink socket
[    0.573228] NET: Registered protocol family 10
[    0.573380] Segment Routing with IPv6
[    0.573434] sit: IPv6, IPv4 and MPLS over IPv4 tunneling driver
[    0.573494] NET: Registered protocol family 17
[    0.573494] Key type dns_resolver registered
[    0.573598] sched_clock: Marking stable (566338566, 7259430)->(677588186, -103990190)
[    0.573649] registered taskstats version 1
[    0.573650] Loading compiled-in X.509 certificates
[    0.573833]   Magic number: 14:663:423
[    0.573861] printk: console [netcon0] enabled
[    0.573861] netconsole: network logging started
[    0.573895] cfg80211: Loading compiled-in X.509 certificates for regulatory database
[    0.574205] cfg80211: Loaded X.509 cert 'sforshee: 00b28ddf47aef9cea7'
[    0.574208] ALSA device list:
[    0.574208]   No soundcards found.
[    0.574246] platform regulatory.0: Direct firmware load for regulatory.db failed with error -2
[    0.574247] cfg80211: failed to load regulatory.db
[    0.779049] random: fast init done
[    0.779461] input: ImExPS/2 Generic Explorer Mouse as /devices/platform/i8042/serio1/input/input5
[    0.779516] md: Waiting for all devices to be available before autodetect
[    0.779516] md: If you don't use raid, use raid=noautodetect
[    0.779576] md: Autodetecting RAID arrays.
[    0.779576] md: autorun ...
[    0.779577] md: ... autorun DONE.
[    0.798782] EXT4-fs (sda3): mounted filesystem with ordered data mode. Opts: (null)
[    0.798798] VFS: Mounted root (ext4 filesystem) readonly on device 8:3.
[    0.815539] devtmpfs: mounted
[    0.815699] Freeing unused kernel image memory: 1252K
[    0.818441] Write protecting the kernel read-only data: 20480k
[    0.818768] Freeing unused kernel image memory: 2008K
[    0.818913] Freeing unused kernel image memory: 904K
[    0.818926] Run /sbin/init as init process
[    0.965397] usb 1-1: new full-speed USB device number 2 using ohci-pci
[    1.069653] stty (105) used greatest stack depth: 13608 bytes left
[    1.146148] dmesg (106) used greatest stack depth: 12936 bytes left
[    1.167606] clocksource: tsc: mask: 0xffffffffffffffff max_cycles: 0x29b57b86ec9, max_idle_ns: 440795265229 ns
[    1.167817] clocksource: Switched to clocksource tsc
[    1.216107] usb 1-1: New USB device found, idVendor=80ee, idProduct=0021, bcdDevice= 1.00
[    1.216589] usb 1-1: New USB device strings: Mfr=1, Product=3, SerialNumber=0
[    1.216952] usb 1-1: Product: USB Tablet
[    1.217317] usb 1-1: Manufacturer: VirtualBox
[    1.228062] input: VirtualBox USB Tablet as /devices/pci0000:00/0000:00:06.0/usb1/1-1/1-1:1.0/0003:80EE:0021.0001/input/input6
[    1.228706] hid-generic 0003:80EE:0021.0001: input,hidraw0: USB HID v1.10 Mouse [VirtualBox USB Tablet] on usb-0000:00:06.0-1/input0
[    1.422128] ip (164) used greatest stack depth: 12184 bytes left
[    1.470135] udevd[194]: starting version 3.2.5
[    1.497844] random: udevd: uninitialized urandom read (16 bytes read)
[    1.498985] random: udevd: uninitialized urandom read (16 bytes read)
[    1.499397] random: udevd: uninitialized urandom read (16 bytes read)
[    1.549505] random: crng init done
[    1.549795] random: 1 urandom warning(s) missed due to ratelimiting
[    1.551677] udevd[195]: starting eudev-3.2.5
[    1.668006] e1000 0000:00:03.0 enp0s3: renamed from eth0
[    2.067662] Adding 4194300k swap on /dev/sda2.  Priority:1 extents:1 across:4194300k 
[    2.082390] EXT4-fs (sda3): re-mounted. Opts: (null)
[    2.163820] EXT4-fs (sda3): re-mounted. Opts: (null)
[    2.190603] EXT4-fs (sda4): mounted filesystem with ordered data mode. Opts: (null)
[    2.205494] EXT4-fs (sda1): mounting ext2 file system using the ext4 subsystem
[    2.210036] EXT4-fs (sda1): warning: mounting unchecked fs, running e2fsck is recommended
[    2.211649] EXT4-fs (sda1): mounted filesystem without journal. Opts: (null)
[    2.589864] hrtimer: interrupt took 4725520 ns
[    3.890425] IPv6: ADDRCONF(NETDEV_UP): enp0s3: link is not ready
[    3.891993] e1000: enp0s3 NIC Link is Up 1000 Mbps Full Duplex, Flow Control: RX
[    3.892423] IPv6: ADDRCONF(NETDEV_CHANGE): enp0s3: link becomes ready
